01e00000 T _start
01e00020 t _undefined_instruction
01e00024 t _software_interrupt
01e00028 t _prefetch_abort
01e0002c t _data_abort
01e00030 t _not_used
01e00034 t _irq
01e00038 t _fiq
01e0003c t _pad
01e00040 T _end_vect
01e00040 t _TEXT_BASE
01e00044 T _armboot_start
01e00048 T _bss_start
01e0004c T _bss_end
01e00050 T BOOT_ARGUMENT_LOCATION
01e00054 t reset
01e00070 t relocate
01e00090 t copy_loop
01e000a0 t stack_setup
01e000b4 t clear_bss
01e000c0 t clbss_l
01e000d4 t _start_armboot
01e000d8 t cpu_init_crit
01e00120 t undefined_instruction
01e00180 t software_interrupt
01e001e0 t prefetch_abort
01e00240 t data_abort
01e002a0 t not_used
01e00300 t irq
01e00360 t fiq
01e003b8 T v7_invalidate_dcache_all
01e003d8 t ci_way_loop
01e003dc t ci_set_loop
01e00420 t _TEXT_BASE
01e00424 T lowlevel_init
01e0044c t SRAM_STACK
01e00450 T __aeabi_llsl
01e00450 T __ashldi3
01e00480 T __aeabi_idiv
01e00480 T __divsi3
01e00598 t Ldiv0
01e005c0 T __aeabi_llsr
01e005c0 T __lshrdi3
01e005dc T __aeabi_uidiv
01e005dc T __udivsi3
01e005f4 t Loop1
01e00608 t Lbignum
01e0061c t Loop3
01e0065c t Lgot_result
01e00664 t Ldiv0
01e00674 T __aeabi_uidivmod
01e0068c T __aeabi_idivmod
01e006a4 T __umodsi3
01e006b8 t Loop1
01e006cc t Lbignum
01e006e0 t Loop3
01e00748 t Ldiv0
01e00758 t display_banner
01e00780 t display_dram_config
01e007fc t init_baudrate
01e00854 T hang
01e0086c T start_armboot
01e00ac8 T disable_interrupts
01e00ad0 T show_regs
01e00c44 T interrupt_init
01e00c4c T reset_cpu
01e00c50 T bad_mode
01e00c70 T do_irq
01e00c98 T do_fiq
01e00cc0 T do_not_used
01e00ce8 T do_data_abort
01e00d10 T do_prefetch_abort
01e00d38 T do_software_interrupt
01e00d60 T do_undefined_instruction
01e00d88 T do_help
01e00dd4 T envmatch
01e00e38 T getenv_r
01e00ee0 T getenv
01e00f54 T _do_setenv
01e01378 T do_setenv
01e013a4 T setenv
01e013f4 t printenv
01e014e0 T do_printenv
01e01580 T do_version
01e015a8 T find_cmd_tbl
01e0163c T find_cmd
01e0166c T cmd_usage
01e016d8 T _do_help
01e01870 t console_setfile
01e0191c T fgetc
01e0194c T ftstc
01e0197c T fputc
01e019ac T fputs
01e019d8 T getc
01e019f0 T tstc
01e01a08 T putc
01e01a28 T puts
01e01a44 T printf
01e01a7c T vprintf
01e01aa8 T ctrlc
01e01af8 T had_ctrlc
01e01b0c T clear_ctrlc
01e01b24 T search_device
01e01b4c T console_assign
01e01b8c T console_init_f
01e01b9c T sbrk
01e01bf0 T mem_malloc_init
01e01c30 T malloc_trim
01e01d18 T free
01e01f7c T malloc
01e0261c T calloc
01e026f4 T env_crc_update
01e02724 T env_get_char_memory
01e02750 T env_get_char
01e02784 T env_get_addr
01e027b0 T set_default_env
01e027fc T env_relocate
01e02850 T env_relocate_spec
01e02854 T env_get_char_spec
01e02860 T env_init
01e0287c t dummy
01e02880 T get_version
01e02888 T jumptable_init
01e02a64 t delete_char.part.1
01e02b54 T readline_into_buffer
01e02d3c T readline
01e02d54 T parse_line
01e02de4 T run_command
01e0315c T main_loop
01e03258 T stdio_get_by_name
01e032ac T stdio_clone
01e032f4 T stdio_register
01e0333c T stdio_init
01e033ec T system_init
01e033fc T mt65xx_sw_env
01e034d8 T dram_init
01e036b4 T get_bank_nr
01e036c4 T memory_size
01e03708 T board_init
01e03804 T misc_init_r
01e03938 T get_board_rev
01e03944 T mt65xx_leds_brightness_set
01e03df0 T leds_battery_full_charging
01e03e1c T leds_battery_low_charging
01e03e48 T leds_battery_medium_charging
01e03e74 T isink0_init
01e03eb4 T mt65xx_backlight_on
01e03ed8 T mt65xx_backlight_off
01e03efc T leds_init
01e03f18 T meta_mode_check
01e03f4c T boot_mode_select
01e03fac T get_chip_eco_ver
01e03fb8 T get_chip_ver
01e04018 T mboot_common_load_part
01e04224 T mboot_common_load_logo
01e04238 T mboot_android_check_img_info
01e04330 T mboot_android_load_bootimg_hdr
01e045d0 T mboot_android_load_recoveryimg_hdr
01e04824 T mboot_android_load_factoryimg_hdr
01e049e0 T mboot_android_load_bootimg
01e04b6c T mboot_android_load_recoveryimg
01e04cf8 T mboot_android_load_factoryimg
01e04d90 T mboot_recovery_load_raw_part
01e04e3c T mboot_recovery_load_misc
01e04e88 t unstuff_bits
01e04ec8 t mmc_cmd
01e04ef8 t mmc_send_if_cond
01e04f68 t mmc_app_cmd
01e04fdc t mmc_send_app_op_cond
01e05068 t mmc_send_op_cond
01e050fc t mmc_sd_switch.isra.0.constprop.3
01e05204 T mmc_get_host
01e0521c T mmc_get_card
01e05238 T mmc_addr_trans_tbl_init
01e05460 T mmc_go_idle
01e05498 T mmc_send_status
01e054ec T mmc_select_card
01e05530 T mmc_switch
01e0560c T mmc_switch_hs
01e05684 T mmc_read_ext_csd
01e05908 t mmc_switch_part
01e059c0 T mmc_set_clock
01e059ec t mmc_dev_bwrite
01e05b3c T mmc_set_card_detect
01e05b80 T mmc_set_blk_length
01e05bdc T mmc_set_bus_width
01e05d98 T mmc_dev_bread
01e05ebc T mmc_block_read
01e05ff8 T mmc_wrap_bread
01e06014 T mmc_block_write
01e06150 T mmc_wrap_bwrite
01e0616c T mmc_init_mem_card
01e0727c T mmc_init_card
01e07590 T mmc_init_host
01e075b8 T mmc_legacy_init
01e07738 T msdc_uffs
01e0778c T msdc_ntohl
01e077b8 T msdc_set_field
01e077e4 T msdc_get_field
01e0780c T msdc_flush_membuf
01e07810 T msdc_cal_checksum
01e0783c T msdc_alloc_gpd
01e078e4 T msdc_alloc_bd
01e07994 T msdc_queue_bd
01e079e0 T msdc_add_gpd
01e07a3c T msdc_reset_gpd
01e07a58 T msdc_set_timeout
01e07ab4 T msdc_set_blklen
01e07b0c T msdc_set_blknum
01e07b18 T msdc_set_driving
01e07b9c T msdc_set_autocmd
01e07bb8 T msdc_abort
01e07c58 T msdc_intr_wait
01e07c74 T msdc_intr_unmask
01e07c88 T msdc_send_cmd
01e07eb0 T msdc_wait_rsp
01e08004 T msdc_sg_init
01e08068 T msdc_dma_init
01e08110 T msdc_dma_cmd
01e08198 T msdc_dma_config
01e0855c T msdc_dma_start
01e08570 T msdc_dma_stop
01e085b0 T msdc_dma_wait_done
01e08670 T msdc_pio_read_word
01e087a0 T msdc_pio_read
01e087c4 T msdc_config_clksrc
01e0884c T msdc_config_clock
01e089d0 T msdc_config_bus
01e08a14 T msdc_config_pin
01e08ae4 T msdc_clock
01e08ae8 T msdc_host_power
01e08b24 T msdc_card_power
01e08b28 T msdc_power
01e08b70 T msdc_reset_tune_counter
01e08b7c T msdc_tune_cmdrsp
01e08de0 T msdc_cmd
01e08e54 T msdc_abort_handler
01e08f8c T msdc_dma_transfer
01e092d4 T msdc_dma_bwrite
01e09328 T msdc_dma_bread
01e09388 T msdc_tune_bread
01e096b0 T msdc_tune_read
01e099b0 T msdc_card_detect
01e09a1c T msdc_card_avail
01e09a68 T msdc_hard_reset
01e09a6c T msdc_init
01e09e40 t get_uart_port_id
01e09e88 T mtk_uart_power_on
01e09ecc T serial_setbrg
01e0a010 T serial_getc
01e0a038 T serial_putc
01e0a07c T serial_puts
01e0a09c T serial_tstc
01e0a0b8 T serial_init
01e0a0c0 T mtk_serial_set_current_uart
01e0a130 T mtk_serial_init
01e0a1f4 T custom_port_in_kernel
01e0a284 T gpt4_get_current_tick
01e0a294 T gpt4_tick2time_us
01e0a2a8 T gpt_busy_wait_us
01e0a2f0 T reset_timer_masked
01e0a32c T get_timer_masked
01e0a3b4 T get_timer
01e0a3d4 T mdelay
01e0a3fc T udelay
01e0a454 T get_ticks
01e0a468 T gpt_one_shot_irq
01e0a4ac T gpt_irq_init
01e0a4e8 T gpt_irq_ack
01e0a4fc T meta_detection
01e0a5b4 T recovery_check_key_trigger
01e0a670 T recovery_check_command_trigger
01e0a6e0 T recovery_detection
01e0a750 T factory_check_key_trigger
01e0a824 T factory_detection
01e0a894 t mtk_wdt_mode_config.constprop.0
01e0a8d4 T mtk_wdt_set_time_out_value
01e0a8fc T mtk_wdt_restart
01e0a90c T mtk_wdt_init
01e0a978 T mtk_wdt_boot_check
01e0a9dc T mtk_arch_reset
01e0aa2c T mt_set_gpio_dir
01e0aaa0 T mt_set_gpio_pull_enable
01e0ab14 T mt_set_gpio_out
01e0ab8c T mt_set_gpio_mode
01e0abfc T mt_gpio_set_default
01e0ad38 T mt_power_on
01e0adf8 T mt_power_off
01e0aeac T mt_set_pwm_enable
01e0aed4 T mt_set_pwm_disable
01e0af10 T mt_set_pwm_enable_seqmode
01e0af28 T mt_set_pwm_clk
01e0af94 T mt_set_pwm_con_datasrc
01e0afe8 T mt_set_pwm_con_mode
01e0b03c T mt_set_pwm_con_idleval
01e0b094 T mt_set_pwm_con_guardval
01e0b0ec T mt_set_pwm_con_stpbit
01e0b174 T mt_set_pwm_con_oldmode
01e0b1c8 T mt_set_pwm_HiDur
01e0b1f8 T mt_set_pwm_LowDur
01e0b228 T mt_set_pwm_GuardDur
01e0b258 T mt_set_pwm_buf0_addr
01e0b284 T mt_set_pwm_buf0_size
01e0b2b4 T mt_set_pwm_buf1_addr
01e0b2e0 T mt_set_pwm_buf1_size
01e0b310 T mt_set_pwm_send_data0
01e0b33c T mt_set_pwm_send_data1
01e0b368 T mt_set_pwm_wave_num
01e0b398 T mt_set_pwm_data_width
01e0b3c8 T mt_set_pwm_thresh
01e0b3f8 T mt_set_pwm_valid
01e0b44c T mt_set_pwm_delay_duration
01e0b46c T mt_set_pwm_delay_clock
01e0b484 T pwm_set_easy_config
01e0b710 T pwm_set_spec_config
01e0bb14 T mt65xx_disp_get_vram_size
01e0bb18 T mt65xx_disp_init
01e0c034 T mt65xx_get_logo_db_addr
01e0c048 T mt65xx_get_fb_addr
01e0c05c T mt65xx_get_fb_size
01e0c06c T mt65xx_disp_update
01e0c0b0 T mt65xx_disp_power
01e0c108 T mt65xx_disp_wait_idle
01e0c148 T mt65xx_disp_get_lcd_time
01e0c35c T mt65xx_disp_get_lcm_id
01e0c360 T video_hw_init
01e0c3d4 T video_set_lut
01e0c3d8 t disp_dump_lcm_parameters
01e0c474 t disp_drv_init_ctrl_if
01e0c740 t lcm_mdelay
01e0c744 t lcm_mdelay
01e0c750 t lcm_udelay
01e0c754 t lcm_set_reset_pin
01e0c75c t lcm_read_data
01e0c820 t lcm_send_data
01e0c8d0 t lcm_send_cmd
01e0c980 T disp_log_enable
01e0c9b4 T disp_drv_get_lcm_driver
01e0cc7c T DISP_IsLcmFound
01e0cc90 T DISP_DetectDevice
01e0cd14 t disp_drv_init_context
01e0ce24 T DISP_PowerEnable
01e0cee8 T DISP_PanelEnable
01e0d150 T DISP_SetBacklight
01e0d248 T DISP_UpdateScreen
01e0d450 T DISP_GetScreenWidth
01e0d48c T DISP_GetScreenHeight
01e0d4c8 T DISP_GetScreenBpp
01e0d4dc T DISP_GetPages
01e0d4f0 T DISP_GetFBRamSize
01e0d538 T DISP_Init
01e0d650 T DISP_GetVRamSize
01e0d6dc T DISP_GetLCMId
01e0d6f8 T DAL_GetLayerSize
01e0d718 T DAL_Init
01e0d720 T DAL_OnDispPowerOn
01e0d728 t dbi_get_working_buffer_size
01e0d730 t dbi_get_working_buffer_bpp
01e0d738 t init_lcd_te_control
01e0d990 t init_lcd_te_control
01e0dbe8 t disp_drv_dbi_init_context
01e0dc9c t dbi_get_panel_color_format
01e0dd44 t dbi_get_dithering_bpp
01e0dd70 t dbi_update_screen
01e0ddb4 t dbi_enable_power
01e0de8c t dbi_init
01e0e200 T dbi_capture_framebuffer
01e0e240 T DISP_GetDriverDBI
01e0e250 t _BackupLCDRegisters
01e0e42c t _RestoreLCDRegisters
01e0e610 T dbi_log_enable
01e0e644 T LCD_Init_IO_pad
01e0e720 T LCD_Set_DrivingCurrent
01e0e7c4 T LCD_PowerOn
01e0e850 T LCD_Init
01e0e8f4 T LCD_ConfigIfFormat
01e0e934 T LCD_SetResetSignal
01e0e954 T LCD_ConfigDSIIfFormat
01e0e990 T LCD_LayerEnable
01e0ea8c T LCD_LayerSetAddress
01e0eb50 T LCD_LayerSetSize
01e0ebec T LCD_LayerSetPitch
01e0ec80 T LCD_LayerSetOffset
01e0ed1c T LCD_LayerSetFormat
01e0edd8 T LCD_LayerSetRotation
01e0ee88 T LCD_LayerSetSourceColorKey
01e0ef38 T LCD_LayerSetTriggerMode
01e0f03c T LCD_EnableHwTrigger
01e0f080 T LCD_SetBackgroundColor
01e0f094 T LCD_SetRoiWindow
01e0f0d4 T LCD_EnableDCtoDsi
01e0f0f4 T LCD_SetOutputAlpha
01e0f110 T LCD_WaitDPIIndication
01e0f138 T LCD_FBSetFormat
01e0f164 T LCD_FBSetPitch
01e0f18c T LCD_FBEnable
01e0f214 T LCD_FBSetAddress
01e0f268 T LCD_FBSetStartCoord
01e0f288 T LCD_TE_Enable
01e0f2b0 T LCD_TE_SetMode
01e0f2d8 T LCD_TE_SetEdgePolarity
01e0f300 T LCD_TE_ConfigVHSyncMode
01e0f308 T LCD_SelectWriteIF
01e0f3c0 T LCD_WriteIF
01e0f4c4 T LCD_ReadIF
01e0f5d4 T LCD_IsLayerEnable
01e0f668 T LCD_GetOutputMode
01e0f67c T LCD_DumpRegisters
01e0f71c t _WaitForEngineNotBusy
01e0f830 t _WaitForEngineNotBusy
01e0f88c T LCD_SetOutputMode
01e0f8dc T LCD_ConfigSerialIF
01e0fa50 T LCD_ConfigParallelIF
01e0fcd4 T LCD_WaitForNotBusy
01e0fce4 T LCD_PowerOff
01e0fd74 T LCD_W2M_NeedLimiteSpeed
01e0fd8c T LCD_SetGMCThrottle
01e0fe44 T LCD_StartTransfer
01e0ff5c T LCD_Capture_Framebuffer
01e10390 T dsi_esd_check
01e10398 T dsi_capture_framebuffer
01e10530 T dsi_esd_reset
01e105bc T get_dsi_tmp_buffer_format
01e1061c T get_dsi_tmp_buffer_bpp
01e10638 t disp_drv_dsi_init_context
01e106ac t dsi_get_panel_color_format
01e10728 t dsi_get_dithering_bpp
01e10754 t dsi_get_working_buffer_bpp
01e10788 t dsi_get_working_buffer_size
01e107dc t dsi_update_screen
01e109a0 t dsi_enable_power
01e10dd4 T get_lcd_tmp_buffer_format
01e10df4 t init_lcd
01e11344 T init_dsi
01e114c4 t dsi_init
01e119bc T DISP_GetDriverDSI
01e119cc t _BackupDSIRegisters
01e11a8c T DSI_PowerOff
01e11aec T DSI_Deinit
01e11b2c T DSI_Reset
01e11b60 T DSI_PowerOn
01e11c70 T DSI_Init
01e11d64 T DSI_SetMode
01e11d80 T DSI_Config_VDO_Timing
01e11fa4 T DSI_PHY_clk_setting
01e120d4 T DSI_PHY_clk_switch
01e120f8 T DSI_PHY_TIMCONFIG
01e124e8 T DSI_clk_ULP_mode
01e12558 T DSI_clk_HS_state
01e1256c T DSI_clk_HS_mode
01e125b4 T DSI_lane0_ULP_mode
01e1261c T DSI_Write_T0_INS
01e12644 T DSI_Write_T2_INS
01e126b8 T DSI_TXRX_Control
01e12718 T DSI_PS_Control
01e12774 T DSI_write_lcm_cmd
01e12790 T DSI_write_lcm_regs
01e127b0 T DSI_read_lcm_reg
01e127b8 T DSI_enable_MIPI_txio
01e127dc T DSI_DumpRegisters
01e12870 T DSI_EnableClk
01e128a0 T DSI_set_cmdq
01e12934 T DSI_set_cmdq_V2
01e130b4 T DSI_WaitForNotBusy
01e130c4 T DSI_dcs_read_lcm_reg_v2
01e132a8 T DSI_dcs_read_lcm_reg
01e1345c t disp_drv_dpi_init_context
01e13558 t dpi_get_working_buffer_bpp
01e13570 t dpi_get_working_buffer_size
01e135b4 t dpi_get_panel_color_format
01e13630 t dpi_get_dithering_bpp
01e136c4 t dpi_update_screen
01e13708 t init_mipi_pll
01e13760 t dpi_enable_power
01e1393c t dpi_init
01e14260 T dpi_capture_framebuffer
01e142a0 T DISP_GetDriverDPI
01e142b0 T DPI_DisableIrq
01e142b4 T DPI_EnableIrq
01e142b8 T DPI_mipi_switch
01e142bc T DPI_Init_PLL
01e14334 T DPI_Set_DrivingCurrent
01e143c4 T DPI_PowerOn
01e14434 T DPI_Init
01e144f8 T DPI_PowerOff
01e1456c T DPI_EnableClk
01e14588 T DPI_DisableClk
01e145a4 T DPI_EnableSeqOutput
01e145cc T DPI_SetRGBOrder
01e145ec T DPI_ConfigPixelClk
01e146a0 T DPI_ConfigDataEnable
01e146c8 T DPI_ConfigVsync
01e14704 T DPI_ConfigHsync
01e14744 T DPI_FBEnable
01e147cc T DPI_FBSyncFlipWithLCD
01e147f4 T DPI_SetDSIMode
01e1481c T DPI_FBSetFormat
01e14838 T DPI_FBSetSize
01e14858 T DPI_FBSetAddress
01e148ac T DPI_FBSetPitch
01e14904 T DPI_Capture_Framebuffer
01e1490c t fill_rect_flow
01e14b0c T mt65xx_logo_decompress
01e14bf0 t show_logo
01e14e6c T show_animation_line
01e150ec T show_animation_number
01e151d4 T show_animation
01e1535c T mt65xx_logo_get_custom_if
01e15384 T cust_show_battery_capacity_new
01e1562c T mt65xx_disp_show_boot_logo
01e15680 T mt65xx_disp_enter_charging_state
01e156a8 T mt65xx_disp_show_battery_full
01e156dc T mt65xx_disp_show_battery_capacity
01e15714 T mt65xx_disp_show_charger_ov_logo
01e15768 T mt65xx_disp_show_low_battery
01e157bc T mt65xx_disp_fill_rect
01e15930 T mt6577_get_bus_freq
01e15a38 T mt6577_irq_unmask
01e15a5c T mt6577_irq_mask_all
01e15ad8 T mt6577_irq_mask_restore
01e15b54 T mt6577_irq_set_sens
01e15b88 T mt6577_irq_set_polarity
01e15bd8 T mt6577_irq_ack
01e15be8 T mt6577_init_irq
01e15ca0 t mt6577_part_generic_write
01e15f38 T mt6577_part_generic_read
01e16150 T mt6577_part_dump
01e16204 T mt6577_part_init
01e162a4 T mt6577_part_get_partition
01e16388 T mt6577_part_register_device
01e163fc T mt6577_part_get_device
01e16458 T BattThermistorConverTemp
01e16544 T BattVoltToTemp
01e16574 T pmic_chrdet_status
01e1659c T select_charging_curret
01e166cc T ChargerHwInit
01e16764 T pchr_turn_off_charging
01e168e4 T bmt_charger_ov_check
01e169b0 T pchr_turn_on_charging
01e16b14 T g_Get_I_Charging
01e16dd0 T BAT_GetVoltage
01e16f30 T BAT_GetVoltage_notbat
01e17068 T BattVoltToPercent
01e17130 T BAT_CheckBatteryStatus
01e175d4 T BAT_BatteryStatusFailAction
01e17640 T BAT_ChargingOTAction
01e176ac T BAT_BatteryFullAction
01e17708 T BAT_PreChargeModeAction
01e177f4 T BAT_ConstantCurrentModeAction
01e1799c T BAT_TopOffModeAction
01e17a14 T BAT_PostFullModeAction
01e17a48 T BAT_thread
01e17e3c T uboot_charging_display
01e17fb0 T batdrv_init
01e18094 T check_point_sync_leds
01e180ec T mt65xx_bat_init
01e18660 T pmic6329_i2c_read
01e18694 T pmic6329_i2c_write
01e18710 T pmic6329_get_version
01e187b8 T get_pmic6329_version
01e18814 T pmic_IsUsbCableIn
01e18880 T mt6577_detect_powerkey
01e188ec T mt6577_detect_homekey
01e18958 T pmic_read_interface
01e189a4 T upmu_get_cid1
01e189cc T upmu_get_cid0
01e189f4 T pmic_config_interface
01e18a60 T PMIC_CUSTOM_SETTING_V1
01e18bc8 T pmic_bank1_read_interface
01e18c14 T pmic_bank1_config_interface
01e18c80 T PMIC_INIT_SETTING_V1
01e19264 T hw_charger_type_detection
01e19580 T mt_charger_type_detection
01e195e4 T upmu_strup_usbdl_en
01e195f8 T upmu_chr_get_vcdt_hv_det
01e19624 T upmu_chr_enable
01e19638 T upmu_chr_csdac_enable
01e1964c T upmu_chr_vcdt_hv_enable
01e19660 T upmu_chr_vcdt_hv_vth
01e19674 T upmu_chr_vcdt_lv_vth
01e19688 T upmu_chr_cs_en
01e1969c T upmu_chr_vbat_cv_en
01e196b0 T upmu_chr_vbat_cv_vth
01e196c4 T upmu_chr_vbat_cs_vth
01e196d8 T upmu_chr_vbat_ov_vth
01e196ec T upmu_chr_vbat_ov_en
01e19700 T upmu_chr_baton_ht_en
01e19714 T upmu_chr_baton_en
01e19728 T upmu_chr_chrwdt_en
01e1973c T upmu_chr_chrwdt_td
01e19750 T upmu_chr_chrwdt_flag_wr
01e19764 T upmu_chr_chrwdt_int_en
01e19778 T upmu_chr_adcin_vchr_en
01e1978c T upmu_chr_adcin_vsen_en
01e197a0 T upmu_chr_adcin_vbat_en
01e197b4 T upmu_chr_bc11_rst
01e197c8 T upmu_chr_csdac_stp_dec
01e197dc T upmu_chr_csdac_stp_inc
01e197f0 T upmu_chr_csdac_stp
01e19804 T upmu_chr_csdac_dly
01e19818 T upmu_chr_chrind_on
01e1982c T pmic6329_init
01e1989c T upmu_chr_low_ich_db
01e198b0 T upmu_chr_ulc_det_en
01e198c4 T upmu_chr_hw_cv_en
01e198d8 T upmu_chr_baton_tdet_en
01e198ec T upmu_chr_csdac_mode
01e19900 T upmu_chr_vcdt_mode
01e19914 T upmu_auxadc_get_ch0_ready
01e19940 T upmu_auxadc_get_ch1_data_7_0
01e19968 T upmu_auxadc_get_ch1_ready
01e19994 T upmu_auxadc_get_ch1_data_9_8
01e199bc T upmu_auxadc_get_ch2_data_7_0
01e199e4 T upmu_auxadc_get_ch2_ready
01e19a10 T upmu_auxadc_get_ch2_data_9_8
01e19a38 T upmu_auxadc_get_ch3_data_7_0
01e19a60 T upmu_auxadc_get_ch3_ready
01e19a8c T upmu_auxadc_get_ch3_data_9_8
01e19ab4 T upmu_auxadc_get_trimming_data_7_0
01e19adc T upmu_auxadc_get_trimming_data_9_8
01e19b04 T upmu_auxadc_ch_sel
01e19b18 T upmu_auxadc_start
01e19b2c T upmu_auxadc_spl_num
01e19b40 T upmu_auxadc_buf_pwd_b
01e19b54 T upmu_top2_bst_drv_ck_pdn
01e19b68 T upmu_isinks_dim0_duty
01e19b7c T upmu_isinks_dim0_fsel
01e19b90 T upmu_isinks_dim1_duty
01e19ba4 T upmu_isinks_dim1_fsel
01e19bb8 T upmu_isinks_dim2_duty
01e19bcc T upmu_isinks_dim2_fsel
01e19be0 T upmu_isinks_ch5_en
01e19bf4 T upmu_isinks_ch4_en
01e19c08 T upmu_isinks_ch3_en
01e19c1c T upmu_isinks_ch2_en
01e19c30 T upmu_isinks_ch1_en
01e19c44 T upmu_isinks_ch0_en
01e19c58 T upmu_isinks_ch5_cabc_en
01e19c6c T upmu_isinks_ch4_cabc_en
01e19c80 T upmu_isinks_ch3_cabc_en
01e19c94 T upmu_isinks_ch2_cabc_en
01e19ca8 T upmu_isinks_ch1_cabc_en
01e19cbc T upmu_isinks_ch0_cabc_en
01e19cd0 T upmu_isinks_ch0_step
01e19ce4 T upmu_isinks_ch0_mode
01e19cf8 T upmu_isinks_ch1_step
01e19d0c T upmu_isinks_ch1_mode
01e19d20 T upmu_isinks_ch2_step
01e19d34 T upmu_isinks_ch2_mode
01e19d48 T upmu_isinks_ch3_step
01e19d5c T upmu_isinks_ch3_mode
01e19d70 T upmu_isinks_ch4_step
01e19d84 T upmu_isinks_ch4_mode
01e19d98 T upmu_isinks_ch5_step
01e19dac T upmu_isinks_ch5_mode
01e19dc0 T upmu_boost_isink_hw_sel
01e19dd4 T upmu_boost_mode
01e19de8 T upmu_boost_cabc_en
01e19dfc T upmu_boost_en
01e19e10 T upmu_boost_vrsel
01e19e24 T upmu_otpc_otp_pdo_55_48
01e19e4c T upmu_otpc_otp_pdo_63_56
01e19e74 T upmu_get_reg_value
01e19e9c T PMIC_IMM_GetOneChannelValue
01e1a29c T upmu_get_PCHR_CHRDET
01e1a2c8 T upmu_is_chr_det
01e1a2dc T virt_to_phys_addr
01e1a3e0 T mt6577_detect_key
01e1a490 T mt6577_detect_pmic_just_rst
01e1a500 t rtc_mktime
01e1a5a4 t rtc_write_trigger
01e1a5c4 T rtc_writeif_unlock
01e1a5f0 T rtc_writeif_lock
01e1a604 T rtc_bbpu_power_down
01e1a624 T rtc_boot_check
01e1a8b4 T i2c_v1_read
01e1a9fc T i2c_v1_write
01e1ab20 T get_part_tab_from_complier
01e1abe4 T load_exist_part_tab
01e1b1fc T part_init_pmt
01e1b6d8 t slp_pmic_dvs_vol_init
01e1b734 T protect_md
01e1b7a8 T reset_md
01e1b8dc T sc_force_ap_control
01e1b8f8 T sc_mod_exit
01e1b90c T sc_mod_init
01e1bc1c T mt6577_sleep
01e1be08 T dcm_enable
01e1bea0 T power_saving_init
01e1bef4 T LOGO_GetCustomIF
01e1bf1c T get_cust_led_list
01e1bf2c T mt6577_power_off
01e1bf70 t lcm_init
01e1c840 t lcm_suspend
01e1c8ac t lcm_update
01e1c958 t lcm_resume
01e1c9c8 t lcm_compare_id
01e1cab4 t lcm_get_params
01e1cb60 t lcm_set_util_funcs
01e1cb78 T lcm_setbacklight
01e1cbec T crc32_no_comp
01e1cce0 T crc32
01e1ccf4 T print_size
01e1ce38 T strcpy
01e1ce50 T strncpy
01e1ce74 T strcmp
01e1ce9c T strncmp
01e1cee0 T strchr
01e1cf14 T strlen
01e1cf34 T strnlen
01e1cf60 T memset
01e1cfd0 T memcpy
01e1d034 t string
01e1d0d0 t put_dec
01e1d2d0 t number
01e1d56c T simple_strtoul
01e1d624 T simple_strtol
01e1d64c T vsprintf
01e1da94 T sprintf
01e1dab8 T panic
01e1db04 T zcfree
01e1db0c T zcalloc
01e1db14 T inflate_fast
01e1e0cc T inflate_table
01e1e698 T inflateReset
01e1e738 T inflateInit2_
01e1e844 T inflateInit_
01e1e858 T inflateEnd
01e1e8e4 T adler32
01e1ebcc T inflate
01e202d4 T __div64_32
01e203c0 T cleanup_before_linux
01e203ec T cpu_init
01e203f4 T setup_meta_com_tag
01e20464 T setup_boot_tag
01e204ac T msg_header_error
01e20584 T msg_img_error
01e20608 T setup_revision_tag
01e20648 T do_nand_boot
01e20f9c T do_msdc_boot
01e20fa0 t cp_delay
01e20fd0 T icache_disable
01e20fe8 T dcache_disable
01e20fec T do_reset
01e2101c t console_newline
01e210fc T video_set_cursor
01e2114c t video_drawchars.constprop.2
01e21550 T video_putc
01e21700 T video_puts
01e21750 T video_printf
01e21788 T __board_video_skip
01e21788 W board_video_skip
01e21790 T drv_video_init
01e21908 T __div0
01e2190c R version_string
01e2193c r tacc_mant
01e2197c r tacc_exp
01e2199c r tran_mant
01e219ac r tran_exp
01e219cc r mmc_tran_mant
01e219dc r __func__.2677
01e219ec r g_mmcTable
01e21a0c r __func__.2728
01e21a1c r msdc_rsp
01e21a60 r __func__.2492
01e21a6c r __func__.5739
01e21a82 r __func__.5758
01e21a94 r __func__.5753
01e21aa6 r __func__.5835
01e21abc r __func__.5839
01e21ad2 r __func__.5937
01e21ae7 r __func__.5958
01e21b00 r __func__.5964
01e21b19 r __func__.5593
01e21b34 r TO_BPP
01e21b40 r __func__.6211
01e21b54 R DPI_PAD_CON
01e21b58 R NLI_ARB_CS
01e21b5c r TO_BPP.5629
01e21b64 r TO_LCD_FORMAT.5633
01e21b6c r TO_LCD_FORMAT.5613
01e21b74 r TO_BPP.5609
01e21b7c r __func__.5617
01e21b98 R BACKUP_DPI_REG_OFFSETS
01e21bec r __FUNCTION__.2625
01e21c90 r __func__.4948
01e21ca8 r __func__.2701
01e21cbc r __func__.2678
01e21cd4 r __func__.3216
01e21ce8 r crc_table
01e220e8 r names.2464
01e220ee r digits.2477
01e220fe R hex_asc
01e22110 r lext.2779
01e2214e r lbase.2778
01e2218c r dext.2781
01e221cc r dbase.2780
01e2220c r lenfix
01e22a0c r distfix
01e22a8c r order.2874
01e22ab4 r video_font_draw_table8
01e22af4 r video_font_draw_table15
01e22b04 r video_font_draw_table16
01e22b14 r video_font_draw_table32
01e22c14 r video_font_draw_table24
01e29148 d env_id
01e2914c d sbrk_base
01e29150 d trim_threshold
01e29154 d mmap_threshold
01e29158 D default_environment
01e291c4 d erase_seq
01e291c8 d tab_seq
01e291d4 d g_lastlevel
01e291f0 d gpio_dat
01e291f4 D gpio_init_mode_data
01e29252 D gpio_init_dout_data
01e29270 D gpio_init_pullsel_data
01e2928e D gpio_init_pullen_data
01e292ac D gpio_init_dir_data
01e292cc D PWM_register
01e29304 d direct_link_layer
01e29308 d disp_fb_bpp
01e2930c d disp_fb_pages
01e29310 D is_needReConfig
01e29314 d dpiTmpBufFormat
01e29318 d lcdTmpBufFormat
01e2931c D top_animation_rect
01e2932c D top_animation_size
01e29330 D percent_location_rect
01e29340 D percent_pic_size
01e29344 D battery_rect
01e29354 D line_pic_size
01e29358 D number_location_rect
01e29368 D number_pic_size
01e2936c D prog_first
01e29370 D prog
01e29374 D Enable_BATDRV_LOG
01e29378 D g_temp_CC_value
01e2937c D g_usb_state
01e29380 D g_R_CHARGER_2
01e29384 D g_R_CHARGER_1
01e29388 D g_R_I_SENSE
01e2938c D g_R_BAT_SENSE
01e29390 D CHARGING_FULL_CURRENT
01e29394 D CSDAC_DAT_MAX
01e29398 D PMIC_RESERVE_CON1
01e2939c D CHR_CON_10
01e293a0 D CHR_CON_9
01e293a4 D CHR_CON_6
01e293a8 D CHR_CON_4
01e293ac D CHR_CON_2
01e293b0 D CHR_CON_1
01e293b4 D CHR_CON_0
01e293b8 D g_thread_count
01e293bc D g_bl_on
01e293c0 D V_compensate_EVB
01e293c4 D V_CC2TOPOFF_THRES
01e293c8 D V_PRE2CC_THRES
01e293cc D g_temp_status
01e293d0 D Batt_VoltToPercent_Table
01e29428 D msdc_cap
01e29438 D lcm_count
01e2943c D _ctype
01e2953c d video_fontdata
01e2a53c d nl.3460
01e2a540 D init_sequence
01e2a56c d cust_led_list
01e2a630 D lcm_driver_list
01e2a634 D nt35510_lcm_drv
01e2a66c d _GLOBAL_OFFSET_TABLE_
01e2a678 d av_
01e2aa80 D lcm_params
01e2aa84 D partition_layout
01e2abb4 d lcm_utils
01e2abfc d DBI_DISP_DRV.5692
01e2ac28 d DSI_DISP_DRV.5837
01e2ac54 d DPI_DISP_DRV.5766
01e2aebc A __u_boot_cmd_start
01e2aebc D __u_boot_cmd_msdc_boot
01e2aed4 D __u_boot_cmd_nand_boot
01e2aeec D __u_boot_cmd_question_mark
01e2af04 D __u_boot_cmd_help
01e2af1c D __u_boot_cmd_setenv
01e2af34 D __u_boot_cmd_printenv
01e2af4c D __u_boot_cmd_version
01e2af64 A __bss_start
01e2af64 A __u_boot_cmd_end
01e2af64 B boot_time
01e2af68 B monitor_flash_len
01e2af6c b ctrlc_disabled
01e2af70 b ctrlc_was_pressed
01e2af74 b current_mallinfo
01e2af9c b top_pad
01e2afa0 b max_sbrked_mem
01e2afa4 b max_total_mem
01e2afa8 b n_mmaps_max
01e2afac B mem_malloc_brk
01e2afb0 B mem_malloc_end
01e2afb4 B mem_malloc_start
01e2afb8 B env_ptr
01e2afbc b lastcommand.2402
01e2b0bc B console_buffer
01e2b1c0 b devs
01e2b1fc B stdio_devices
01e2b208 B load_addr
01e2b20c b g_nr_bank
01e2b210 b g_rank_size
01e2b220 B g_boot_arg
01e2b224 B backlight_PWM_div
01e2b228 B debug_enable
01e2b22c B g_boot_mode
01e2b230 B g_rimg_sz
01e2b234 B g_kimg_sz
01e2b238 B g_fcimg_sz
01e2b23c B g_rcimg_sz
01e2b240 B g_bimg_sz
01e2b244 B g_rmem_off
01e2b248 B g_kmem_off
01e2b24c b sd_host
01e2b2ac b sd_card
01e2b584 b g_addr_trans_tbl
01e2b58c b g_emmc_addr_trans
01e2b5ec b boot_dev_found
01e2b5f0 b sd_dev
01e2b65c b boot_dev
01e2b674 B dl_buf
01e2be74 B g_emmc_size
01e2be7c B g_user_virt_addr
01e2be80 b msdc_gpd_pool
01e2beb8 b msdc_bd_pool
01e2bef8 b msdc_priv
01e2bf68 B g_brg
01e2bf6c B g_uart
01e2bf70 b lastinc
01e2bf74 b timestamp
01e2bf78 b timeout
01e2bf7a b is_rgu_trigger_rst
01e2bf7c B gpio_init_dinv_data
01e2bf9c b pwm_status
01e2bfa0 B PWM_REG_OFF
01e2bfa4 b fb_size
01e2bfa8 b logo_db_addr
01e2bfac b fb_addr
01e2bfb0 b s_mt65xx_gd.6086
01e2c040 b ctrl_if
01e2c044 b DISP_CallbackArray
01e2c0ac b disp_log_on
01e2c0b0 b s_lcm_params
01e2c240 b u4IndexOfLCMList
01e2c244 b isLCMFound
01e2c248 b disp_drv
01e2c24c b s_enabled.5776
01e2c24d b is_engine_in_suspend_mode
01e2c24e b is_lcm_in_suspend_mode
01e2c24f b s_enabled.5782
01e2c250 b is_overlaying
01e2c254 b dal_layerPA
01e2c258 b dal_layerVA
01e2c25c b vramSize.5932
01e2c260 b vramSize.5936
01e2c264 b is_immediateupdate
01e2c265 B disp_lcm_name
01e2c368 B lcm_drv
01e2c36c b _lcdContext
01e2d340 b dbi_log_on
01e2d344 b s_isLcdPowerOn
01e2d345 b is_get_default_write_cycle
01e2d348 b default_write_cycle
01e2d34c b default_wst
01e2d350 b limit_w2m_speed
01e2d351 b limit_w2tvr_speed
01e2d354 B wait_time
01e2d358 b dsiTmpBufBpp
01e2d35c b s_tmpBuffers
01e2d374 B DDMS_capturing
01e2d378 b _dsiContext
01e2d4fc b s_isDsiPowerOn
01e2d500 b mipitx_con0
01e2d504 b mipitx_con1
01e2d508 b mipitx_con3
01e2d50c b mipitx_con6
01e2d510 b mipitx_con8
01e2d514 b mipitx_con9
01e2d518 b lcm_params_for_clk_setting
01e2d6a8 b dpiTmpBufBpp
01e2d6ac b s_tmpBuffers
01e2d6c4 b s_isDpiPowerOn
01e2d6c8 b regBackup
01e2d780 b dpiIntCallback
01e2d784 b logo_cust_if
01e2d788 B capacity_zero_index
01e2d78c B capacity_zero
01e2d790 B charging_animation_index
01e2d794 B charging_low_index
01e2d798 B top_animation_addr
01e2f0e8 B percent_pic_addr
01e30528 B line_pic_addr
01e30636 B number_pic_addr
01e31640 b mt6577_part_buf
01e31644 b mt6577_part_dev
01e31648 B lastest_part
01e32408 B tempart
01e32418 b batteryVoltageBuffer
01e32490 b batteryCurrentBuffer
01e32508 b batterySOCBuffer
01e32580 b batteryVoltageSum
01e32584 b batteryCurrentSum
01e32588 b batterySOCSum
01e3258c b batteryIndex
01e32590 b CHR_Type_num
01e32594 B get_pmic_flag
01e32598 B user_view_flag
01e3259c B bl_switch
01e325a0 B charger_ov_boot_display
01e325a4 B low_bat_boot_display
01e325a8 B getVoltFlag
01e325ac B bat_volt_check_point
01e325b0 B bl_switch_timer
01e325b4 B g_HW_stop_charging
01e325b8 B prog_temp
01e325bc B bat_volt_cp_flag
01e325c0 B g_chr_event
01e325c4 B g_BatteryAverageCurrent
01e325c8 B post_charging_time
01e325cc B g_E1_vbat_sense
01e325d0 B g_eco_version
01e325d4 B gADC_I_SENSE_offset
01e325d8 B gADC_I_SENSE_temp
01e325dc B gADC_BAT_SENSE_temp
01e325e0 B g_bat_temperature_pre
01e325e4 B CS_DET
01e325e8 B VBAT_CV_DET
01e325ec B CSDAC_DAT
01e325f0 B save_value
01e325f4 B g_SW_CHR_OUT_EN
01e325f8 B g_Charging_Over_Time
01e325fc B g_HW_Charging_Done
01e32600 B batteryBufferFirst
01e32604 B g_Battery_Fail
01e32608 B g_bat_full_user_view
01e3260c B BMT_status
01e32668 B g_first_check
01e3266c B g_charger_in_flag
01e32670 B g_ret
01e32674 b pi
01e32678 B lastest_part32
01e33258 B backup_buf
01e33a58 B page_buf
01e34ad8 b CUST_IF.3117
01e34aec b lcm_util
01e34b34 b params
01e34b38 b pGD
01e34b3c b console_col
01e34b40 b console_row
01e34b44 b video_console_address
01e34b48 b video_fb_address
01e34b4c b eorx
01e34b50 b bgx
01e34b54 b fgx
01e34b58 A _end
