Archive member included because of file (symbol)

arch/arm/lib/libarm.a(board.o)
                              arch/arm/cpu/arm_cortexa9/start.o (start_armboot)
arch/arm/lib/libarm.a(interrupts.o)
                              arch/arm/lib/libarm.a(board.o) (interrupt_init)
common/libcommon.a(cmd_boot.o)
                              (__u_boot_cmd_msdc_boot)
common/libcommon.a(cmd_help.o)
                              (__u_boot_cmd_question_mark)
common/libcommon.a(cmd_nvedit.o)
                              arch/arm/lib/libarm.a(board.o) (getenv_r)
common/libcommon.a(cmd_version.o)
                              (__u_boot_cmd_version)
common/libcommon.a(command.o)
                              common/libcommon.a(cmd_nvedit.o) (cmd_usage)
common/libcommon.a(console.o)
                              arch/arm/lib/libarm.a(board.o) (printf)
common/libcommon.a(dlmalloc.o)
                              arch/arm/lib/libarm.a(board.o) (mem_malloc_init)
common/libcommon.a(env_common.o)
                              common/libcommon.a(cmd_nvedit.o) (env_crc_update)
common/libcommon.a(env_nowhere.o)
                              common/libcommon.a(env_common.o) (env_relocate_spec)
common/libcommon.a(exports.o)
                              arch/arm/lib/libarm.a(board.o) (jumptable_init)
common/libcommon.a(main.o)    arch/arm/lib/libarm.a(board.o) (main_loop)
common/libcommon.a(stdio.o)   common/libcommon.a(console.o) (stdio_get_list)
common/libcommon.a(cmd_bootm.o)
                              common/libcommon.a(cmd_nvedit.o) (load_addr)
../../../mediatek/platform/mt6577/uboot/libmt6577.a(mt6577.o)
                              arch/arm/lib/libarm.a(board.o) (mt65xx_sw_env)
../../../mediatek/platform/mt6577/uboot/libmt6577.a(mt6577_board.o)
                              arch/arm/lib/libarm.a(board.o) (board_init)
../../../mediatek/platform/mt6577/uboot/libmt6577.a(mt65xx_leds.o)
                              ../../../mediatek/platform/mt6577/uboot/libmt6577.a(mt6577_board.o) (isink0_init)
../../../mediatek/platform/mt6577/uboot/libmt6577.a(boot_mode.o)
                              arch/arm/lib/libarm.a(board.o) (g_boot_mode)
../../../mediatek/platform/mt6577/uboot/libmt6577.a(load_image.o)
                              ../../../mediatek/platform/mt6577/uboot/libmt6577.a(mt6577_board.o) (mboot_common_load_logo)
../../../mediatek/platform/mt6577/uboot/libmt6577.a(mmc_core.o)
                              ../../../mediatek/platform/mt6577/uboot/libmt6577.a(mt6577_board.o) (mmc_legacy_init)
../../../mediatek/platform/mt6577/uboot/libmt6577.a(msdc_utils.o)
                              ../../../mediatek/platform/mt6577/uboot/libmt6577.a(mmc_core.o) (msdc_uffs)
../../../mediatek/platform/mt6577/uboot/libmt6577.a(msdc.o)
                              ../../../mediatek/platform/mt6577/uboot/libmt6577.a(mmc_core.o) (msdc_set_timeout)
../../../mediatek/platform/mt6577/uboot/libmt6577.a(mtk_serial.o)
                              common/libcommon.a(cmd_nvedit.o) (serial_setbrg)
../../../mediatek/platform/mt6577/uboot/libmt6577.a(mtk_timer.o)
                              arch/arm/lib/libarm.a(board.o) (get_timer)
../../../mediatek/platform/mt6577/uboot/libmt6577.a(mt6577_meta.o)
                              ../../../mediatek/platform/mt6577/uboot/libmt6577.a(boot_mode.o) (meta_detection)
../../../mediatek/platform/mt6577/uboot/libmt6577.a(mt6577_recovery.o)
                              ../../../mediatek/platform/mt6577/uboot/libmt6577.a(mt6577.o) (recovery_detection)
../../../mediatek/platform/mt6577/uboot/libmt6577.a(mt6577_factory.o)
                              ../../../mediatek/platform/mt6577/uboot/libmt6577.a(boot_mode.o) (factory_detection)
../../../mediatek/platform/mt6577/uboot/libmt6577.a(mtk_wdt.o)
                              ../../../mediatek/platform/mt6577/uboot/libmt6577.a(mt6577_board.o) (mtk_wdt_init)
../../../mediatek/platform/mt6577/uboot/libmt6577.a(mt6577_gpio.o)
                              ../../../mediatek/platform/mt6577/uboot/libmt6577.a(mt65xx_leds.o) (mt_set_gpio_dir)
../../../mediatek/platform/mt6577/uboot/libmt6577.a(mt6577_gpio_init.o)
                              ../../../mediatek/platform/mt6577/uboot/libmt6577.a(mt6577_board.o) (mt_gpio_set_default)
../../../mediatek/platform/mt6577/uboot/libmt6577.a(mt6577_pwm.o)
                              ../../../mediatek/platform/mt6577/uboot/libmt6577.a(mt65xx_leds.o) (mt_power_off)
../../../mediatek/platform/mt6577/uboot/libmt6577.a(mt65xx_disp_drv.o)
                              ../../../mediatek/platform/mt6577/uboot/libmt6577.a(mt6577_board.o) (mt65xx_disp_get_vram_size)
../../../mediatek/platform/mt6577/uboot/libmt6577.a(disp_drv.o)
                              ../../../mediatek/platform/mt6577/uboot/libmt6577.a(mt65xx_disp_drv.o) (lcm_params)
../../../mediatek/platform/mt6577/uboot/libmt6577.a(disp_assert_layer.o)
                              ../../../mediatek/platform/mt6577/uboot/libmt6577.a(disp_drv.o) (DAL_GetLayerSize)
[...]
Memory Configuration

Name             Origin             Length             Attributes
*default*        0x0000000000000000 0xffffffffffffffff

Linker script and memory map

                0x0000000000000000                . = 0x0
                0x0000000000000000                . = ALIGN (0x4)

.text           0x0000000001e00000      0x758
 arch/arm/cpu/arm_cortexa9/start.o(.text)
 .text          0x0000000001e00000      0x420 arch/arm/cpu/arm_cortexa9/start.o
                0x0000000001e00000                _start
                0x0000000001e00040                _end_vect
                0x0000000001e00044                _armboot_start
                0x0000000001e00048                _bss_start
                0x0000000001e0004c                _bss_end
                0x0000000001e00050                BOOT_ARGUMENT_LOCATION
                0x0000000001e003b8                v7_invalidate_dcache_all
 *(.text)
 .text          0x0000000001e00420       0x30 ../../../mediatek/platform/mt6577/uboot/libmt6577.a(lowlevel_init.o)
                0x0000000001e00424                lowlevel_init
 .text          0x0000000001e00450       0x1c /Android/Sources/A390_source_code/bootable/bootloader/uboot/arch/arm/lib/libgcc.a(_ashldi3.o)
                0x0000000001e00450                __ashldi3
                0x0000000001e00450                __aeabi_llsl
 *fill*         0x0000000001e0046c       0x14 00
 .text          0x0000000001e00480      0x140 /Android/Sources/A390_source_code/bootable/bootloader/uboot/arch/arm/lib/libgcc.a(_divsi3.o)
                0x0000000001e00480                __aeabi_idiv
                0x0000000001e00480                __divsi3
 .text          0x0000000001e005c0       0x1c /Android/Sources/A390_source_code/bootable/bootloader/uboot/arch/arm/lib/libgcc.a(_lshrdi3.o)
                0x0000000001e005c0                __aeabi_llsr
                0x0000000001e005c0                __lshrdi3
 .text          0x0000000001e005dc       0xc8 /Android/Sources/A390_source_code/bootable/bootloader/uboot/arch/arm/lib/libgcc.a(_udivsi3.o)
                0x0000000001e005dc                __udivsi3
                0x0000000001e005dc                __aeabi_uidiv
                0x0000000001e00674                __aeabi_uidivmod
                0x0000000001e0068c                __aeabi_idivmod
 .text          0x0000000001e006a4       0xb4 /Android/Sources/A390_source_code/bootable/bootloader/uboot/arch/arm/lib/libgcc.a(_umodsi3.o)
                0x0000000001e006a4                __umodsi3

.glue_7         0x0000000001e00758        0x0
 .glue_7        0x0000000000000000        0x0 linker stubs

.glue_7t        0x0000000001e00758        0x0
 .glue_7t       0x0000000000000000        0x0 linker stubs

.vfp11_veneer   0x0000000001e00758        0x0
 .vfp11_veneer  0x0000000000000000        0x0 linker stubs

.v4_bx          0x0000000001e00758        0x0
 .v4_bx         0x0000000000000000        0x0 linker stubs

.text.display_banner
                0x0000000001e00758       0x28
 .text.display_banner
                0x0000000001e00758       0x28 arch/arm/lib/libarm.a(board.o)

.text.display_dram_config
                0x0000000001e00780       0x7c
 .text.display_dram_config
                0x0000000001e00780       0x7c arch/arm/lib/libarm.a(board.o)

.text.init_baudrate
                0x0000000001e007fc       0x58
 .text.init_baudrate
                0x0000000001e007fc       0x58 arch/arm/lib/libarm.a(board.o)

.text.hang      0x0000000001e00854       0x18
 .text.hang     0x0000000001e00854       0x18 arch/arm/lib/libarm.a(board.o)
                0x0000000001e00854                hang

.text.start_armboot
                0x0000000001e0086c      0x25c
 .text.start_armboot
                0x0000000001e0086c      0x25c arch/arm/lib/libarm.a(board.o)
                0x0000000001e0086c                start_armboot

.text.disable_interrupts
                0x0000000001e00ac8        0x8
 .text.disable_interrupts
                0x0000000001e00ac8        0x8 arch/arm/lib/libarm.a(interrupts.o)
                0x0000000001e00ac8                disable_interrupts

.text.show_regs
                0x0000000001e00ad0      0x174
 .text.show_regs
                0x0000000001e00ad0      0x174 arch/arm/lib/libarm.a(interrupts.o)
                0x0000000001e00ad0                show_regs

.text.interrupt_init
                0x0000000001e00c44        0x8
 .text.interrupt_init
                0x0000000001e00c44        0x8 arch/arm/lib/libarm.a(interrupts.o)
                0x0000000001e00c44                interrupt_init

.text.reset_cpu
                0x0000000001e00c4c        0x4
 .text.reset_cpu
                0x0000000001e00c4c        0x4 arch/arm/lib/libarm.a(interrupts.o)
                0x0000000001e00c4c                reset_cpu

.text.bad_mode  0x0000000001e00c50       0x20
 .text.bad_mode
                0x0000000001e00c50       0x20 arch/arm/lib/libarm.a(interrupts.o)
                0x0000000001e00c50                bad_mode

.text.do_irq    0x0000000001e00c70       0x28
 .text.do_irq   0x0000000001e00c70       0x28 arch/arm/lib/libarm.a(interrupts.o)
                0x0000000001e00c70                do_irq

.text.do_fiq    0x0000000001e00c98       0x28
 .text.do_fiq   0x0000000001e00c98       0x28 arch/arm/lib/libarm.a(interrupts.o)
                0x0000000001e00c98                do_fiq

.text.do_not_used
                0x0000000001e00cc0       0x28
 .text.do_not_used
                0x0000000001e00cc0       0x28 arch/arm/lib/libarm.a(interrupts.o)
                0x0000000001e00cc0                do_not_used

.text.do_data_abort
                0x0000000001e00ce8       0x28
 .text.do_data_abort
                0x0000000001e00ce8       0x28 arch/arm/lib/libarm.a(interrupts.o)
                0x0000000001e00ce8                do_data_abort

.text.do_prefetch_abort
                0x0000000001e00d10       0x28
 .text.do_prefetch_abort
                0x0000000001e00d10       0x28 arch/arm/lib/libarm.a(interrupts.o)
                0x0000000001e00d10                do_prefetch_abort

.text.do_software_interrupt
                0x0000000001e00d38       0x28
 .text.do_software_interrupt
                0x0000000001e00d38       0x28 arch/arm/lib/libarm.a(interrupts.o)
                0x0000000001e00d38                do_software_interrupt

.text.do_undefined_instruction
                0x0000000001e00d60       0x28
 .text.do_undefined_instruction
                0x0000000001e00d60       0x28 arch/arm/lib/libarm.a(interrupts.o)
                0x0000000001e00d60                do_undefined_instruction

.text.do_help   0x0000000001e00d88       0x4c
 .text.do_help  0x0000000001e00d88       0x4c common/libcommon.a(cmd_help.o)
                0x0000000001e00d88                do_help

.text.envmatch  0x0000000001e00dd4       0x64
 .text.envmatch
                0x0000000001e00dd4       0x64 common/libcommon.a(cmd_nvedit.o)
                0x0000000001e00dd4                envmatch

.text.getenv_r  0x0000000001e00e38       0xa8
 .text.getenv_r
                0x0000000001e00e38       0xa8 common/libcommon.a(cmd_nvedit.o)
                0x0000000001e00e38                getenv_r

.text.getenv    0x0000000001e00ee0       0x74
 .text.getenv   0x0000000001e00ee0       0x74 common/libcommon.a(cmd_nvedit.o)
                0x0000000001e00ee0                getenv

.text._do_setenv
                0x0000000001e00f54      0x424
 .text._do_setenv
                0x0000000001e00f54      0x424 common/libcommon.a(cmd_nvedit.o)
                0x0000000001e00f54                _do_setenv

.text.do_setenv
                0x0000000001e01378       0x2c
 .text.do_setenv
                0x0000000001e01378       0x2c common/libcommon.a(cmd_nvedit.o)
                0x0000000001e01378                do_setenv

.text.setenv    0x0000000001e013a4       0x50
 .text.setenv   0x0000000001e013a4       0x50 common/libcommon.a(cmd_nvedit.o)
                0x0000000001e013a4                setenv

.text.printenv  0x0000000001e013f4       0xec
 .text.printenv
                0x0000000001e013f4       0xec common/libcommon.a(cmd_nvedit.o)

.text.do_printenv
                0x0000000001e014e0       0xa0
 .text.do_printenv
                0x0000000001e014e0       0xa0 common/libcommon.a(cmd_nvedit.o)
                0x0000000001e014e0                do_printenv

.text.do_version
                0x0000000001e01580       0x28
 .text.do_version
                0x0000000001e01580       0x28 common/libcommon.a(cmd_version.o)
                0x0000000001e01580                do_version

.text.find_cmd_tbl
                0x0000000001e015a8       0x94
 .text.find_cmd_tbl
                0x0000000001e015a8       0x94 common/libcommon.a(command.o)
                0x0000000001e015a8                find_cmd_tbl

.text.find_cmd  0x0000000001e0163c       0x30
 .text.find_cmd
                0x0000000001e0163c       0x30 common/libcommon.a(command.o)
                0x0000000001e0163c                find_cmd

.text.cmd_usage
                0x0000000001e0166c       0x6c
 .text.cmd_usage
                0x0000000001e0166c       0x6c common/libcommon.a(command.o)
                0x0000000001e0166c                cmd_usage

.text._do_help  0x0000000001e016d8      0x198
 .text._do_help
                0x0000000001e016d8      0x198 common/libcommon.a(command.o)
                0x0000000001e016d8                _do_help

.text.console_setfile
                0x0000000001e01870       0xac
 .text.console_setfile
                0x0000000001e01870       0xac common/libcommon.a(console.o)

.text.fgetc     0x0000000001e0191c       0x30
 .text.fgetc    0x0000000001e0191c       0x30 common/libcommon.a(console.o)
                0x0000000001e0191c                fgetc

.text.ftstc     0x0000000001e0194c       0x30
 .text.ftstc    0x0000000001e0194c       0x30 common/libcommon.a(console.o)
                0x0000000001e0194c                ftstc

.text.fputc     0x0000000001e0197c       0x30
 .text.fputc    0x0000000001e0197c       0x30 common/libcommon.a(console.o)
                0x0000000001e0197c                fputc

.text.fputs     0x0000000001e019ac       0x2c
 .text.fputs    0x0000000001e019ac       0x2c common/libcommon.a(console.o)
                0x0000000001e019ac                fputs

.text.getc      0x0000000001e019d8       0x18
 .text.getc     0x0000000001e019d8       0x18 common/libcommon.a(console.o)
                0x0000000001e019d8                getc

.text.tstc      0x0000000001e019f0       0x18
 .text.tstc     0x0000000001e019f0       0x18 common/libcommon.a(console.o)
                0x0000000001e019f0                tstc

.text.putc      0x0000000001e01a08       0x20
 .text.putc     0x0000000001e01a08       0x20 common/libcommon.a(console.o)
                0x0000000001e01a08                putc

.text.puts      0x0000000001e01a28       0x1c
 .text.puts     0x0000000001e01a28       0x1c common/libcommon.a(console.o)
                0x0000000001e01a28                puts

.text.printf    0x0000000001e01a44       0x38
 .text.printf   0x0000000001e01a44       0x38 common/libcommon.a(console.o)
                0x0000000001e01a44                printf

.text.vprintf   0x0000000001e01a7c       0x2c
 .text.vprintf  0x0000000001e01a7c       0x2c common/libcommon.a(console.o)
                0x0000000001e01a7c                vprintf

.text.ctrlc     0x0000000001e01aa8       0x50
 .text.ctrlc    0x0000000001e01aa8       0x50 common/libcommon.a(console.o)
                0x0000000001e01aa8                ctrlc

.text.had_ctrlc
                0x0000000001e01af8       0x14
 .text.had_ctrlc
                0x0000000001e01af8       0x14 common/libcommon.a(console.o)
                0x0000000001e01af8                had_ctrlc

.text.clear_ctrlc
                0x0000000001e01b0c       0x18
 .text.clear_ctrlc
                0x0000000001e01b0c       0x18 common/libcommon.a(console.o)
                0x0000000001e01b0c                clear_ctrlc

.text.search_device
                0x0000000001e01b24       0x28
 .text.search_device
                0x0000000001e01b24       0x28 common/libcommon.a(console.o)
                0x0000000001e01b24                search_device

.text.console_assign
                0x0000000001e01b4c       0x40
 .text.console_assign
                0x0000000001e01b4c       0x40 common/libcommon.a(console.o)
                0x0000000001e01b4c                console_assign

.text.console_init_f
                0x0000000001e01b8c       0x10
 .text.console_init_f
                0x0000000001e01b8c       0x10 common/libcommon.a(console.o)
                0x0000000001e01b8c                console_init_f

.text.sbrk      0x0000000001e01b9c       0x54
 .text.sbrk     0x0000000001e01b9c       0x54 common/libcommon.a(dlmalloc.o)
                0x0000000001e01b9c                sbrk

.text.mem_malloc_init
                0x0000000001e01bf0       0x40
 .text.mem_malloc_init
                0x0000000001e01bf0       0x40 common/libcommon.a(dlmalloc.o)
                0x0000000001e01bf0                mem_malloc_init

.text.malloc_trim
                0x0000000001e01c30       0xe8
 .text.malloc_trim
                0x0000000001e01c30       0xe8 common/libcommon.a(dlmalloc.o)
                0x0000000001e01c30                malloc_trim

.text.free      0x0000000001e01d18      0x264
 .text.free     0x0000000001e01d18      0x264 common/libcommon.a(dlmalloc.o)
                0x0000000001e01d18                free

.text.malloc    0x0000000001e01f7c      0x6a0
 .text.malloc   0x0000000001e01f7c      0x6a0 common/libcommon.a(dlmalloc.o)
                0x0000000001e01f7c                malloc

.text.calloc    0x0000000001e0261c       0xd8
 .text.calloc   0x0000000001e0261c       0xd8 common/libcommon.a(dlmalloc.o)
                0x0000000001e0261c                calloc

.text.env_crc_update
                0x0000000001e026f4       0x30
 .text.env_crc_update
                0x0000000001e026f4       0x30 common/libcommon.a(env_common.o)
                0x0000000001e026f4                env_crc_update

.text.env_get_char_memory
                0x0000000001e02724       0x2c
 .text.env_get_char_memory
                0x0000000001e02724       0x2c common/libcommon.a(env_common.o)
                0x0000000001e02724                env_get_char_memory

.text.env_get_char
                0x0000000001e02750       0x34
 .text.env_get_char
                0x0000000001e02750       0x34 common/libcommon.a(env_common.o)
                0x0000000001e02750                env_get_char

.text.env_get_addr
                0x0000000001e02784       0x2c
 .text.env_get_addr
                0x0000000001e02784       0x2c common/libcommon.a(env_common.o)
                0x0000000001e02784                env_get_addr

.text.set_default_env
                0x0000000001e027b0       0x4c
 .text.set_default_env
                0x0000000001e027b0       0x4c common/libcommon.a(env_common.o)
                0x0000000001e027b0                set_default_env

.text.env_relocate
                0x0000000001e027fc       0x54
 .text.env_relocate
                0x0000000001e027fc       0x54 common/libcommon.a(env_common.o)
                0x0000000001e027fc                env_relocate

.text.env_relocate_spec
                0x0000000001e02850        0x4
 .text.env_relocate_spec
                0x0000000001e02850        0x4 common/libcommon.a(env_nowhere.o)
                0x0000000001e02850                env_relocate_spec

.text.env_get_char_spec
                0x0000000001e02854        0xc
 .text.env_get_char_spec
                0x0000000001e02854        0xc common/libcommon.a(env_nowhere.o)
                0x0000000001e02854                env_get_char_spec

.text.env_init  0x0000000001e02860       0x1c
 .text.env_init
                0x0000000001e02860       0x1c common/libcommon.a(env_nowhere.o)
                0x0000000001e02860                env_init

.text.dummy     0x0000000001e0287c        0x4
 .text.dummy    0x0000000001e0287c        0x4 common/libcommon.a(exports.o)

.text.get_version
                0x0000000001e02880        0x8
 .text.get_version
                0x0000000001e02880        0x8 common/libcommon.a(exports.o)
                0x0000000001e02880                get_version

.text.jumptable_init
                0x0000000001e02888      0x1dc
 .text.jumptable_init
                0x0000000001e02888      0x1dc common/libcommon.a(exports.o)
                0x0000000001e02888                jumptable_init

.text.delete_char.part.1
                0x0000000001e02a64       0xf0
 .text.delete_char.part.1
                0x0000000001e02a64       0xf0 common/libcommon.a(main.o)

.text.readline_into_buffer
                0x0000000001e02b54      0x1e8
 .text.readline_into_buffer
                0x0000000001e02b54      0x1e8 common/libcommon.a(main.o)
                0x0000000001e02b54                readline_into_buffer

.text.readline  0x0000000001e02d3c       0x18
 .text.readline
                0x0000000001e02d3c       0x18 common/libcommon.a(main.o)
                0x0000000001e02d3c                readline

.text.parse_line
                0x0000000001e02d54       0x90
 .text.parse_line
                0x0000000001e02d54       0x90 common/libcommon.a(main.o)
                0x0000000001e02d54                parse_line

.text.run_command
                0x0000000001e02de4      0x378
 .text.run_command
                0x0000000001e02de4      0x378 common/libcommon.a(main.o)
                0x0000000001e02de4                run_command

.text.main_loop
                0x0000000001e0315c       0xfc
 .text.main_loop
                0x0000000001e0315c       0xfc common/libcommon.a(main.o)
                0x0000000001e0315c                main_loop

.text.stdio_get_by_name
                0x0000000001e03258       0x54
 .text.stdio_get_by_name
                0x0000000001e03258       0x54 common/libcommon.a(stdio.o)
                0x0000000001e03258                stdio_get_by_name

.text.stdio_clone
                0x0000000001e032ac       0x48
 .text.stdio_clone
                0x0000000001e032ac       0x48 common/libcommon.a(stdio.o)
                0x0000000001e032ac                stdio_clone

.text.stdio_register
                0x0000000001e032f4       0x48
 .text.stdio_register
                0x0000000001e032f4       0x48 common/libcommon.a(stdio.o)
                0x0000000001e032f4                stdio_register

.text.stdio_init
                0x0000000001e0333c       0xb0
 .text.stdio_init
                0x0000000001e0333c       0xb0 common/libcommon.a(stdio.o)
                0x0000000001e0333c                stdio_init

.text.system_init
                0x0000000001e033ec       0x10
 .text.system_init
                0x0000000001e033ec       0x10 ../../../mediatek/platform/mt6577/uboot/libmt6577.a(mt6577.o)
                0x0000000001e033ec                system_init

.text.mt65xx_sw_env
                0x0000000001e033fc       0xdc
 .text.mt65xx_sw_env
                0x0000000001e033fc       0xdc ../../../mediatek/platform/mt6577/uboot/libmt6577.a(mt6577.o)
                0x0000000001e033fc                mt65xx_sw_env

.text.dram_init
                0x0000000001e034d8      0x1dc
 .text.dram_init
                0x0000000001e034d8      0x1dc ../../../mediatek/platform/mt6577/uboot/libmt6577.a(mt6577.o)
                0x0000000001e034d8                dram_init

.text.get_bank_nr
                0x0000000001e036b4       0x10
 .text.get_bank_nr
                0x0000000001e036b4       0x10 ../../../mediatek/platform/mt6577/uboot/libmt6577.a(mt6577.o)
                0x0000000001e036b4                get_bank_nr

.text.memory_size
                0x0000000001e036c4       0x44
 .text.memory_size
                0x0000000001e036c4       0x44 ../../../mediatek/platform/mt6577/uboot/libmt6577.a(mt6577.o)
                0x0000000001e036c4                memory_size

.text.board_init
                0x0000000001e03708       0xfc
 .text.board_init
                0x0000000001e03708       0xfc ../../../mediatek/platform/mt6577/uboot/libmt6577.a(mt6577_board.o)
                0x0000000001e03708                board_init

.text.misc_init_r
                0x0000000001e03804      0x134
 .text.misc_init_r
                0x0000000001e03804      0x134 ../../../mediatek/platform/mt6577/uboot/libmt6577.a(mt6577_board.o)
                0x0000000001e03804                misc_init_r

.text.get_board_rev
                0x0000000001e03938        0xc
 .text.get_board_rev
                0x0000000001e03938        0xc ../../../mediatek/platform/mt6577/uboot/libmt6577.a(mt6577_board.o)
                0x0000000001e03938                get_board_rev

.text.mt65xx_leds_brightness_set
                0x0000000001e03944      0x4ac
 .text.mt65xx_leds_brightness_set
                0x0000000001e03944      0x4ac ../../../mediatek/platform/mt6577/uboot/libmt6577.a(mt65xx_leds.o)
                0x0000000001e03944                mt65xx_leds_brightness_set

.text.leds_battery_full_charging
                0x0000000001e03df0       0x2c
 .text.leds_battery_full_charging
                0x0000000001e03df0       0x2c ../../../mediatek/platform/mt6577/uboot/libmt6577.a(mt65xx_leds.o)
                0x0000000001e03df0                leds_battery_full_charging

.text.leds_battery_low_charging
                0x0000000001e03e1c       0x2c
 .text.leds_battery_low_charging
                0x0000000001e03e1c       0x2c ../../../mediatek/platform/mt6577/uboot/libmt6577.a(mt65xx_leds.o)
                0x0000000001e03e1c                leds_battery_low_charging

.text.leds_battery_medium_charging
                0x0000000001e03e48       0x2c
 .text.leds_battery_medium_charging
                0x0000000001e03e48       0x2c ../../../mediatek/platform/mt6577/uboot/libmt6577.a(mt65xx_leds.o)
                0x0000000001e03e48                leds_battery_medium_charging

.text.isink0_init
                0x0000000001e03e74       0x40
 .text.isink0_init
                0x0000000001e03e74       0x40 ../../../mediatek/platform/mt6577/uboot/libmt6577.a(mt65xx_leds.o)
                0x0000000001e03e74                isink0_init

.text.mt65xx_backlight_on
                0x0000000001e03eb4       0x24
 .text.mt65xx_backlight_on
                0x0000000001e03eb4       0x24 ../../../mediatek/platform/mt6577/uboot/libmt6577.a(mt65xx_leds.o)
                0x0000000001e03eb4                mt65xx_backlight_on

.text.mt65xx_backlight_off
                0x0000000001e03ed8       0x24
 .text.mt65xx_backlight_off
                0x0000000001e03ed8       0x24 ../../../mediatek/platform/mt6577/uboot/libmt6577.a(mt65xx_leds.o)
                0x0000000001e03ed8                mt65xx_backlight_off

.text.leds_init
                0x0000000001e03efc       0x1c
 .text.leds_init
                0x0000000001e03efc       0x1c ../../../mediatek/platform/mt6577/uboot/libmt6577.a(mt65xx_leds.o)
                0x0000000001e03efc                leds_init

.text.meta_mode_check
                0x0000000001e03f18       0x34
 .text.meta_mode_check
                0x0000000001e03f18       0x34 ../../../mediatek/platform/mt6577/uboot/libmt6577.a(boot_mode.o)
                0x0000000001e03f18                meta_mode_check

.text.boot_mode_select
                0x0000000001e03f4c       0x60
 .text.boot_mode_select
                0x0000000001e03f4c       0x60 ../../../mediatek/platform/mt6577/uboot/libmt6577.a(boot_mode.o)
                0x0000000001e03f4c                boot_mode_select

.text.get_chip_eco_ver
                0x0000000001e03fac        0xc
 .text.get_chip_eco_ver
                0x0000000001e03fac        0xc ../../../mediatek/platform/mt6577/uboot/libmt6577.a(boot_mode.o)
                0x0000000001e03fac                get_chip_eco_ver

.text.get_chip_ver
                0x0000000001e03fb8       0x60
 .text.get_chip_ver
                0x0000000001e03fb8       0x60 ../../../mediatek/platform/mt6577/uboot/libmt6577.a(boot_mode.o)
                0x0000000001e03fb8                get_chip_ver

.text.mboot_common_load_part
                0x0000000001e04018      0x20c
 .text.mboot_common_load_part
                0x0000000001e04018      0x20c ../../../mediatek/platform/mt6577/uboot/libmt6577.a(load_image.o)
                0x0000000001e04018                mboot_common_load_part

.text.mboot_common_load_logo
                0x0000000001e04224       0x14
 .text.mboot_common_load_logo
                0x0000000001e04224       0x14 ../../../mediatek/platform/mt6577/uboot/libmt6577.a(load_image.o)
                0x0000000001e04224                mboot_common_load_logo

.text.mboot_android_check_img_info
                0x0000000001e04238       0xf8
 .text.mboot_android_check_img_info
                0x0000000001e04238       0xf8 ../../../mediatek/platform/mt6577/uboot/libmt6577.a(load_image.o)
                0x0000000001e04238                mboot_android_check_img_info

.text.mboot_android_load_bootimg_hdr
                0x0000000001e04330      0x2a0
 .text.mboot_android_load_bootimg_hdr
                0x0000000001e04330      0x2a0 ../../../mediatek/platform/mt6577/uboot/libmt6577.a(load_image.o)
                0x0000000001e04330                mboot_android_load_bootimg_hdr

.text.mboot_android_load_recoveryimg_hdr
                0x0000000001e045d0      0x254
 .text.mboot_android_load_recoveryimg_hdr
                0x0000000001e045d0      0x254 ../../../mediatek/platform/mt6577/uboot/libmt6577.a(load_image.o)
                0x0000000001e045d0                mboot_android_load_recoveryimg_hdr

.text.mboot_android_load_factoryimg_hdr
                0x0000000001e04824      0x1bc
 .text.mboot_android_load_factoryimg_hdr
                0x0000000001e04824      0x1bc ../../../mediatek/platform/mt6577/uboot/libmt6577.a(load_image.o)
                0x0000000001e04824                mboot_android_load_factoryimg_hdr

.text.mboot_android_load_bootimg
                0x0000000001e049e0      0x18c
 .text.mboot_android_load_bootimg
                0x0000000001e049e0      0x18c ../../../mediatek/platform/mt6577/uboot/libmt6577.a(load_image.o)
                0x0000000001e049e0                mboot_android_load_bootimg

.text.mboot_android_load_recoveryimg
                0x0000000001e04b6c      0x18c
 .text.mboot_android_load_recoveryimg
                0x0000000001e04b6c      0x18c ../../../mediatek/platform/mt6577/uboot/libmt6577.a(load_image.o)
                0x0000000001e04b6c                mboot_android_load_recoveryimg

.text.mboot_android_load_factoryimg
                0x0000000001e04cf8       0x98
 .text.mboot_android_load_factoryimg
                0x0000000001e04cf8       0x98 ../../../mediatek/platform/mt6577/uboot/libmt6577.a(load_image.o)
                0x0000000001e04cf8                mboot_android_load_factoryimg

.text.mboot_recovery_load_raw_part
                0x0000000001e04d90       0xac
 .text.mboot_recovery_load_raw_part
                0x0000000001e04d90       0xac ../../../mediatek/platform/mt6577/uboot/libmt6577.a(load_image.o)
                0x0000000001e04d90                mboot_recovery_load_raw_part

.text.mboot_recovery_load_misc
                0x0000000001e04e3c       0x4c
 .text.mboot_recovery_load_misc
                0x0000000001e04e3c       0x4c ../../../mediatek/platform/mt6577/uboot/libmt6577.a(load_image.o)
                0x0000000001e04e3c                mboot_recovery_load_misc

.text.unstuff_bits
                0x0000000001e04e88       0x40
 .text.unstuff_bits
                0x0000000001e04e88       0x40 ../../../mediatek/platform/mt6577/uboot/libmt6577.a(mmc_core.o)

.text.mmc_cmd   0x0000000001e04ec8       0x30
 .text.mmc_cmd  0x0000000001e04ec8       0x30 ../../../mediatek/platform/mt6577/uboot/libmt6577.a(mmc_core.o)

.text.mmc_send_if_cond
                0x0000000001e04ef8       0x70
 .text.mmc_send_if_cond
                0x0000000001e04ef8       0x70 ../../../mediatek/platform/mt6577/uboot/libmt6577.a(mmc_core.o)

.text.mmc_app_cmd
                0x0000000001e04f68       0x74
 .text.mmc_app_cmd
                0x0000000001e04f68       0x74 ../../../mediatek/platform/mt6577/uboot/libmt6577.a(mmc_core.o)

.text.mmc_send_app_op_cond
                0x0000000001e04fdc       0x8c
 .text.mmc_send_app_op_cond
                0x0000000001e04fdc       0x8c ../../../mediatek/platform/mt6577/uboot/libmt6577.a(mmc_core.o)

.text.mmc_send_op_cond
                0x0000000001e05068       0x94
 .text.mmc_send_op_cond
                0x0000000001e05068       0x94 ../../../mediatek/platform/mt6577/uboot/libmt6577.a(mmc_core.o)

.text.mmc_sd_switch.isra.0.constprop.3
                0x0000000001e050fc      0x108
 .text.mmc_sd_switch.isra.0.constprop.3
                0x0000000001e050fc      0x108 ../../../mediatek/platform/mt6577/uboot/libmt6577.a(mmc_core.o)

.text.mmc_get_host
                0x0000000001e05204       0x18
 .text.mmc_get_host
                0x0000000001e05204       0x18 ../../../mediatek/platform/mt6577/uboot/libmt6577.a(mmc_core.o)
                0x0000000001e05204                mmc_get_host

.text.mmc_get_card
                0x0000000001e0521c       0x1c
 .text.mmc_get_card
                0x0000000001e0521c       0x1c ../../../mediatek/platform/mt6577/uboot/libmt6577.a(mmc_core.o)
                0x0000000001e0521c                mmc_get_card

.text.mmc_addr_trans_tbl_init
                0x0000000001e05238      0x228
 .text.mmc_addr_trans_tbl_init
                0x0000000001e05238      0x228 ../../../mediatek/platform/mt6577/uboot/libmt6577.a(mmc_core.o)
                0x0000000001e05238                mmc_addr_trans_tbl_init

.text.mmc_go_idle
                0x0000000001e05460       0x38
 .text.mmc_go_idle
                0x0000000001e05460       0x38 ../../../mediatek/platform/mt6577/uboot/libmt6577.a(mmc_core.o)
                0x0000000001e05460                mmc_go_idle

.text.mmc_send_status
                0x0000000001e05498       0x54
 .text.mmc_send_status
                0x0000000001e05498       0x54 ../../../mediatek/platform/mt6577/uboot/libmt6577.a(mmc_core.o)
                0x0000000001e05498                mmc_send_status

.text.mmc_select_card
                0x0000000001e054ec       0x44
 .text.mmc_select_card
                0x0000000001e054ec       0x44 ../../../mediatek/platform/mt6577/uboot/libmt6577.a(mmc_core.o)
                0x0000000001e054ec                mmc_select_card

.text.mmc_switch
                0x0000000001e05530       0xdc
 .text.mmc_switch
                0x0000000001e05530       0xdc ../../../mediatek/platform/mt6577/uboot/libmt6577.a(mmc_core.o)
                0x0000000001e05530                mmc_switch

.text.mmc_switch_hs
                0x0000000001e0560c       0x78
 .text.mmc_switch_hs
                0x0000000001e0560c       0x78 ../../../mediatek/platform/mt6577/uboot/libmt6577.a(mmc_core.o)
                0x0000000001e0560c                mmc_switch_hs

.text.mmc_read_ext_csd
                0x0000000001e05684      0x284
 .text.mmc_read_ext_csd
                0x0000000001e05684      0x284 ../../../mediatek/platform/mt6577/uboot/libmt6577.a(mmc_core.o)
                0x0000000001e05684                mmc_read_ext_csd

.text.mmc_switch_part
                0x0000000001e05908       0xb8
 .text.mmc_switch_part
                0x0000000001e05908       0xb8 ../../../mediatek/platform/mt6577/uboot/libmt6577.a(mmc_core.o)

.text.mmc_set_clock
                0x0000000001e059c0       0x2c
 .text.mmc_set_clock
                0x0000000001e059c0       0x2c ../../../mediatek/platform/mt6577/uboot/libmt6577.a(mmc_core.o)
                0x0000000001e059c0                mmc_set_clock

.text.mmc_dev_bwrite
                0x0000000001e059ec      0x150
 .text.mmc_dev_bwrite
                0x0000000001e059ec      0x150 ../../../mediatek/platform/mt6577/uboot/libmt6577.a(mmc_core.o)

.text.mmc_set_card_detect
                0x0000000001e05b3c       0x44
 .text.mmc_set_card_detect
                0x0000000001e05b3c       0x44 ../../../mediatek/platform/mt6577/uboot/libmt6577.a(mmc_core.o)
                0x0000000001e05b3c                mmc_set_card_detect

.text.mmc_set_blk_length
                0x0000000001e05b80       0x5c
 .text.mmc_set_blk_length
                0x0000000001e05b80       0x5c ../../../mediatek/platform/mt6577/uboot/libmt6577.a(mmc_core.o)
                0x0000000001e05b80                mmc_set_blk_length

.text.mmc_set_bus_width
                0x0000000001e05bdc      0x1bc
 .text.mmc_set_bus_width
                0x0000000001e05bdc      0x1bc ../../../mediatek/platform/mt6577/uboot/libmt6577.a(mmc_core.o)
                0x0000000001e05bdc                mmc_set_bus_width

.text.mmc_dev_bread
                0x0000000001e05d98      0x124
 .text.mmc_dev_bread
                0x0000000001e05d98      0x124 ../../../mediatek/platform/mt6577/uboot/libmt6577.a(mmc_core.o)
                0x0000000001e05d98                mmc_dev_bread

.text.mmc_block_read
                0x0000000001e05ebc      0x13c
 .text.mmc_block_read
                0x0000000001e05ebc      0x13c ../../../mediatek/platform/mt6577/uboot/libmt6577.a(mmc_core.o)
                0x0000000001e05ebc                mmc_block_read

.text.mmc_wrap_bread
                0x0000000001e05ff8       0x1c
 .text.mmc_wrap_bread
                0x0000000001e05ff8       0x1c ../../../mediatek/platform/mt6577/uboot/libmt6577.a(mmc_core.o)
                0x0000000001e05ff8                mmc_wrap_bread

.text.mmc_block_write
                0x0000000001e06014      0x13c
 .text.mmc_block_write
                0x0000000001e06014      0x13c ../../../mediatek/platform/mt6577/uboot/libmt6577.a(mmc_core.o)
                0x0000000001e06014                mmc_block_write

.text.mmc_wrap_bwrite
                0x0000000001e06150       0x1c
 .text.mmc_wrap_bwrite
                0x0000000001e06150       0x1c ../../../mediatek/platform/mt6577/uboot/libmt6577.a(mmc_core.o)
                0x0000000001e06150                mmc_wrap_bwrite

.text.mmc_init_mem_card
                0x0000000001e0616c     0x1110
 .text.mmc_init_mem_card
                0x0000000001e0616c     0x1110 ../../../mediatek/platform/mt6577/uboot/libmt6577.a(mmc_core.o)
                0x0000000001e0616c                mmc_init_mem_card

.text.mmc_init_card
                0x0000000001e0727c      0x314
 .text.mmc_init_card
                0x0000000001e0727c      0x314 ../../../mediatek/platform/mt6577/uboot/libmt6577.a(mmc_core.o)
                0x0000000001e0727c                mmc_init_card

.text.mmc_init_host
                0x0000000001e07590       0x28
 .text.mmc_init_host
                0x0000000001e07590       0x28 ../../../mediatek/platform/mt6577/uboot/libmt6577.a(mmc_core.o)
                0x0000000001e07590                mmc_init_host

.text.mmc_legacy_init
                0x0000000001e075b8      0x180
 .text.mmc_legacy_init
                0x0000000001e075b8      0x180 ../../../mediatek/platform/mt6577/uboot/libmt6577.a(mmc_core.o)
                0x0000000001e075b8                mmc_legacy_init

.text.msdc_uffs
                0x0000000001e07738       0x54
 .text.msdc_uffs
                0x0000000001e07738       0x54 ../../../mediatek/platform/mt6577/uboot/libmt6577.a(msdc_utils.o)
                0x0000000001e07738                msdc_uffs

.text.msdc_ntohl
                0x0000000001e0778c       0x2c
 .text.msdc_ntohl
                0x0000000001e0778c       0x2c ../../../mediatek/platform/mt6577/uboot/libmt6577.a(msdc_utils.o)
                0x0000000001e0778c                msdc_ntohl

.text.msdc_set_field
                0x0000000001e077b8       0x2c
 .text.msdc_set_field
                0x0000000001e077b8       0x2c ../../../mediatek/platform/mt6577/uboot/libmt6577.a(msdc_utils.o)
                0x0000000001e077b8                msdc_set_field

.text.msdc_get_field
                0x0000000001e077e4       0x28
 .text.msdc_get_field
                0x0000000001e077e4       0x28 ../../../mediatek/platform/mt6577/uboot/libmt6577.a(msdc_utils.o)
                0x0000000001e077e4                msdc_get_field

.text.msdc_flush_membuf
                0x0000000001e0780c        0x4
 .text.msdc_flush_membuf
                0x0000000001e0780c        0x4 ../../../mediatek/platform/mt6577/uboot/libmt6577.a(msdc.o)
                0x0000000001e0780c                msdc_flush_membuf

.text.msdc_cal_checksum
                0x0000000001e07810       0x2c
 .text.msdc_cal_checksum
                0x0000000001e07810       0x2c ../../../mediatek/platform/mt6577/uboot/libmt6577.a(msdc.o)
                0x0000000001e07810                msdc_cal_checksum

.text.msdc_alloc_gpd
                0x0000000001e0783c       0xa8
 .text.msdc_alloc_gpd
                0x0000000001e0783c       0xa8 ../../../mediatek/platform/mt6577/uboot/libmt6577.a(msdc.o)
                0x0000000001e0783c                msdc_alloc_gpd

.text.msdc_alloc_bd
                0x0000000001e078e4       0xb0
 .text.msdc_alloc_bd
                0x0000000001e078e4       0xb0 ../../../mediatek/platform/mt6577/uboot/libmt6577.a(msdc.o)
                0x0000000001e078e4                msdc_alloc_bd

.text.msdc_queue_bd
                0x0000000001e07994       0x4c
 .text.msdc_queue_bd
                0x0000000001e07994       0x4c ../../../mediatek/platform/mt6577/uboot/libmt6577.a(msdc.o)
                0x0000000001e07994                msdc_queue_bd

.text.msdc_add_gpd
                0x0000000001e079e0       0x5c
 .text.msdc_add_gpd
                0x0000000001e079e0       0x5c ../../../mediatek/platform/mt6577/uboot/libmt6577.a(msdc.o)
                0x0000000001e079e0                msdc_add_gpd

.text.msdc_reset_gpd
                0x0000000001e07a3c       0x1c
 .text.msdc_reset_gpd
                0x0000000001e07a3c       0x1c ../../../mediatek/platform/mt6577/uboot/libmt6577.a(msdc.o)
                0x0000000001e07a3c                msdc_reset_gpd

.text.msdc_set_timeout
                0x0000000001e07a58       0x5c
 .text.msdc_set_timeout
                0x0000000001e07a58       0x5c ../../../mediatek/platform/mt6577/uboot/libmt6577.a(msdc.o)
                0x0000000001e07a58                msdc_set_timeout

.text.msdc_set_blklen
                0x0000000001e07ab4       0x58
 .text.msdc_set_blklen
                0x0000000001e07ab4       0x58 ../../../mediatek/platform/mt6577/uboot/libmt6577.a(msdc.o)
                0x0000000001e07ab4                msdc_set_blklen

.text.msdc_set_blknum
                0x0000000001e07b0c        0xc
 .text.msdc_set_blknum
                0x0000000001e07b0c        0xc ../../../mediatek/platform/mt6577/uboot/libmt6577.a(msdc.o)
                0x0000000001e07b0c                msdc_set_blknum

.text.msdc_set_driving
                0x0000000001e07b18       0x84
 .text.msdc_set_driving
                0x0000000001e07b18       0x84 ../../../mediatek/platform/mt6577/uboot/libmt6577.a(msdc.o)
                0x0000000001e07b18                msdc_set_driving

.text.msdc_set_autocmd
                0x0000000001e07b9c       0x1c
 .text.msdc_set_autocmd
                0x0000000001e07b9c       0x1c ../../../mediatek/platform/mt6577/uboot/libmt6577.a(msdc.o)
                0x0000000001e07b9c                msdc_set_autocmd

.text.msdc_abort
                0x0000000001e07bb8       0xa0
 .text.msdc_abort
                0x0000000001e07bb8       0xa0 ../../../mediatek/platform/mt6577/uboot/libmt6577.a(msdc.o)
                0x0000000001e07bb8                msdc_abort

.text.msdc_intr_wait
                0x0000000001e07c58       0x1c
 .text.msdc_intr_wait
                0x0000000001e07c58       0x1c ../../../mediatek/platform/mt6577/uboot/libmt6577.a(msdc.o)
                0x0000000001e07c58                msdc_intr_wait

.text.msdc_intr_unmask
                0x0000000001e07c74       0x14
 .text.msdc_intr_unmask
                0x0000000001e07c74       0x14 ../../../mediatek/platform/mt6577/uboot/libmt6577.a(msdc.o)
                0x0000000001e07c74                msdc_intr_unmask

.text.msdc_send_cmd
                0x0000000001e07c88      0x228
 .text.msdc_send_cmd
                0x0000000001e07c88      0x228 ../../../mediatek/platform/mt6577/uboot/libmt6577.a(msdc.o)
                0x0000000001e07c88                msdc_send_cmd

.text.msdc_wait_rsp
                0x0000000001e07eb0      0x154
 .text.msdc_wait_rsp
                0x0000000001e07eb0      0x154 ../../../mediatek/platform/mt6577/uboot/libmt6577.a(msdc.o)
                0x0000000001e07eb0                msdc_wait_rsp

.text.msdc_sg_init
                0x0000000001e08004       0x64
 .text.msdc_sg_init
                0x0000000001e08004       0x64 ../../../mediatek/platform/mt6577/uboot/libmt6577.a(msdc.o)
                0x0000000001e08004                msdc_sg_init

.text.msdc_dma_init
                0x0000000001e08068       0xa8
 .text.msdc_dma_init
                0x0000000001e08068       0xa8 ../../../mediatek/platform/mt6577/uboot/libmt6577.a(msdc.o)
                0x0000000001e08068                msdc_dma_init

.text.msdc_dma_cmd
                0x0000000001e08110       0x88
 .text.msdc_dma_cmd
                0x0000000001e08110       0x88 ../../../mediatek/platform/mt6577/uboot/libmt6577.a(msdc.o)
                0x0000000001e08110                msdc_dma_cmd

.text.msdc_dma_config
                0x0000000001e08198      0x3c4
 .text.msdc_dma_config
                0x0000000001e08198      0x3c4 ../../../mediatek/platform/mt6577/uboot/libmt6577.a(msdc.o)
                0x0000000001e08198                msdc_dma_config

.text.msdc_dma_start
                0x0000000001e0855c       0x14
 .text.msdc_dma_start
                0x0000000001e0855c       0x14 ../../../mediatek/platform/mt6577/uboot/libmt6577.a(msdc.o)
                0x0000000001e0855c                msdc_dma_start

.text.msdc_dma_stop
                0x0000000001e08570       0x40
 .text.msdc_dma_stop
                0x0000000001e08570       0x40 ../../../mediatek/platform/mt6577/uboot/libmt6577.a(msdc.o)
                0x0000000001e08570                msdc_dma_stop

.text.msdc_dma_wait_done
                0x0000000001e085b0       0xc0
 .text.msdc_dma_wait_done
                0x0000000001e085b0       0xc0 ../../../mediatek/platform/mt6577/uboot/libmt6577.a(msdc.o)
                0x0000000001e085b0                msdc_dma_wait_done

.text.msdc_pio_read_word
                0x0000000001e08670      0x130
 .text.msdc_pio_read_word
                0x0000000001e08670      0x130 ../../../mediatek/platform/mt6577/uboot/libmt6577.a(msdc.o)
                0x0000000001e08670                msdc_pio_read_word

.text.msdc_pio_read
                0x0000000001e087a0       0x24
 .text.msdc_pio_read
                0x0000000001e087a0       0x24 ../../../mediatek/platform/mt6577/uboot/libmt6577.a(msdc.o)
                0x0000000001e087a0                msdc_pio_read

.text.msdc_config_clksrc
                0x0000000001e087c4       0x88
 .text.msdc_config_clksrc
                0x0000000001e087c4       0x88 ../../../mediatek/platform/mt6577/uboot/libmt6577.a(msdc.o)
                0x0000000001e087c4                msdc_config_clksrc

.text.msdc_config_clock
                0x0000000001e0884c      0x184
 .text.msdc_config_clock
                0x0000000001e0884c      0x184 ../../../mediatek/platform/mt6577/uboot/libmt6577.a(msdc.o)
                0x0000000001e0884c                msdc_config_clock

.text.msdc_config_bus
                0x0000000001e089d0       0x44
 .text.msdc_config_bus
                0x0000000001e089d0       0x44 ../../../mediatek/platform/mt6577/uboot/libmt6577.a(msdc.o)
                0x0000000001e089d0                msdc_config_bus

.text.msdc_config_pin
                0x0000000001e08a14       0xd0
 .text.msdc_config_pin
                0x0000000001e08a14       0xd0 ../../../mediatek/platform/mt6577/uboot/libmt6577.a(msdc.o)
                0x0000000001e08a14                msdc_config_pin

.text.msdc_clock
                0x0000000001e08ae4        0x4
 .text.msdc_clock
                0x0000000001e08ae4        0x4 ../../../mediatek/platform/mt6577/uboot/libmt6577.a(msdc.o)
                0x0000000001e08ae4                msdc_clock

.text.msdc_host_power
                0x0000000001e08ae8       0x3c
 .text.msdc_host_power
                0x0000000001e08ae8       0x3c ../../../mediatek/platform/mt6577/uboot/libmt6577.a(msdc.o)
                0x0000000001e08ae8                msdc_host_power

.text.msdc_card_power
                0x0000000001e08b24        0x4
 .text.msdc_card_power
                0x0000000001e08b24        0x4 ../../../mediatek/platform/mt6577/uboot/libmt6577.a(msdc.o)
                0x0000000001e08b24                msdc_card_power

.text.msdc_power
                0x0000000001e08b28       0x48
 .text.msdc_power
                0x0000000001e08b28       0x48 ../../../mediatek/platform/mt6577/uboot/libmt6577.a(msdc.o)
                0x0000000001e08b28                msdc_power

.text.msdc_reset_tune_counter
                0x0000000001e08b70        0xc
 .text.msdc_reset_tune_counter
                0x0000000001e08b70        0xc ../../../mediatek/platform/mt6577/uboot/libmt6577.a(msdc.o)
                0x0000000001e08b70                msdc_reset_tune_counter

.text.msdc_tune_cmdrsp
                0x0000000001e08b7c      0x264
 .text.msdc_tune_cmdrsp
                0x0000000001e08b7c      0x264 ../../../mediatek/platform/mt6577/uboot/libmt6577.a(msdc.o)
                0x0000000001e08b7c                msdc_tune_cmdrsp

.text.msdc_cmd  0x0000000001e08de0       0x74
 .text.msdc_cmd
                0x0000000001e08de0       0x74 ../../../mediatek/platform/mt6577/uboot/libmt6577.a(msdc.o)
                0x0000000001e08de0                msdc_cmd

.text.msdc_abort_handler
                0x0000000001e08e54      0x138
 .text.msdc_abort_handler
                0x0000000001e08e54      0x138 ../../../mediatek/platform/mt6577/uboot/libmt6577.a(msdc.o)
                0x0000000001e08e54                msdc_abort_handler

.text.msdc_dma_transfer
                0x0000000001e08f8c      0x348
 .text.msdc_dma_transfer
                0x0000000001e08f8c      0x348 ../../../mediatek/platform/mt6577/uboot/libmt6577.a(msdc.o)
                0x0000000001e08f8c                msdc_dma_transfer

.text.msdc_dma_bwrite
                0x0000000001e092d4       0x54
 .text.msdc_dma_bwrite
                0x0000000001e092d4       0x54 ../../../mediatek/platform/mt6577/uboot/libmt6577.a(msdc.o)
                0x0000000001e092d4                msdc_dma_bwrite

.text.msdc_dma_bread
                0x0000000001e09328       0x60
 .text.msdc_dma_bread
                0x0000000001e09328       0x60 ../../../mediatek/platform/mt6577/uboot/libmt6577.a(msdc.o)
                0x0000000001e09328                msdc_dma_bread

.text.msdc_tune_bread
                0x0000000001e09388      0x328
 .text.msdc_tune_bread
                0x0000000001e09388      0x328 ../../../mediatek/platform/mt6577/uboot/libmt6577.a(msdc.o)
                0x0000000001e09388                msdc_tune_bread

.text.msdc_tune_read
                0x0000000001e096b0      0x300
 .text.msdc_tune_read
                0x0000000001e096b0      0x300 ../../../mediatek/platform/mt6577/uboot/libmt6577.a(msdc.o)
                0x0000000001e096b0                msdc_tune_read

.text.msdc_card_detect
                0x0000000001e099b0       0x6c
 .text.msdc_card_detect
                0x0000000001e099b0       0x6c ../../../mediatek/platform/mt6577/uboot/libmt6577.a(msdc.o)
                0x0000000001e099b0                msdc_card_detect

.text.msdc_card_avail
                0x0000000001e09a1c       0x4c
 .text.msdc_card_avail
                0x0000000001e09a1c       0x4c ../../../mediatek/platform/mt6577/uboot/libmt6577.a(msdc.o)
                0x0000000001e09a1c                msdc_card_avail

.text.msdc_hard_reset
                0x0000000001e09a68        0x4
 .text.msdc_hard_reset
                0x0000000001e09a68        0x4 ../../../mediatek/platform/mt6577/uboot/libmt6577.a(msdc.o)
                0x0000000001e09a68                msdc_hard_reset

.text.msdc_init
                0x0000000001e09a6c      0x3d4
 .text.msdc_init
                0x0000000001e09a6c      0x3d4 ../../../mediatek/platform/mt6577/uboot/libmt6577.a(msdc.o)
                0x0000000001e09a6c                msdc_init

.text.get_uart_port_id
                0x0000000001e09e40       0x48
 .text.get_uart_port_id
                0x0000000001e09e40       0x48 ../../../mediatek/platform/mt6577/uboot/libmt6577.a(mtk_serial.o)

.text.mtk_uart_power_on
                0x0000000001e09e88       0x44
 .text.mtk_uart_power_on
                0x0000000001e09e88       0x44 ../../../mediatek/platform/mt6577/uboot/libmt6577.a(mtk_serial.o)
                0x0000000001e09e88                mtk_uart_power_on

.text.serial_setbrg
                0x0000000001e09ecc      0x144
 .text.serial_setbrg
                0x0000000001e09ecc      0x144 ../../../mediatek/platform/mt6577/uboot/libmt6577.a(mtk_serial.o)
                0x0000000001e09ecc                serial_setbrg

.text.serial_getc
                0x0000000001e0a010       0x28
 .text.serial_getc
                0x0000000001e0a010       0x28 ../../../mediatek/platform/mt6577/uboot/libmt6577.a(mtk_serial.o)
                0x0000000001e0a010                serial_getc

.text.serial_putc
                0x0000000001e0a038       0x44
 .text.serial_putc
                0x0000000001e0a038       0x44 ../../../mediatek/platform/mt6577/uboot/libmt6577.a(mtk_serial.o)
                0x0000000001e0a038                serial_putc

.text.serial_puts
                0x0000000001e0a07c       0x20
 .text.serial_puts
                0x0000000001e0a07c       0x20 ../../../mediatek/platform/mt6577/uboot/libmt6577.a(mtk_serial.o)
                0x0000000001e0a07c                serial_puts

.text.serial_tstc
                0x0000000001e0a09c       0x1c
 .text.serial_tstc
                0x0000000001e0a09c       0x1c ../../../mediatek/platform/mt6577/uboot/libmt6577.a(mtk_serial.o)
                0x0000000001e0a09c                serial_tstc

.text.serial_init
                0x0000000001e0a0b8        0x8
 .text.serial_init
                0x0000000001e0a0b8        0x8 ../../../mediatek/platform/mt6577/uboot/libmt6577.a(mtk_serial.o)
                0x0000000001e0a0b8                serial_init

.text.mtk_serial_set_current_uart
                0x0000000001e0a0c0       0x70
 .text.mtk_serial_set_current_uart
                0x0000000001e0a0c0       0x70 ../../../mediatek/platform/mt6577/uboot/libmt6577.a(mtk_serial.o)
                0x0000000001e0a0c0                mtk_serial_set_current_uart

.text.mtk_serial_init
                0x0000000001e0a130       0xc4
 .text.mtk_serial_init
                0x0000000001e0a130       0xc4 ../../../mediatek/platform/mt6577/uboot/libmt6577.a(mtk_serial.o)
                0x0000000001e0a130                mtk_serial_init

.text.custom_port_in_kernel
                0x0000000001e0a1f4       0x90
 .text.custom_port_in_kernel
                0x0000000001e0a1f4       0x90 ../../../mediatek/platform/mt6577/uboot/libmt6577.a(mtk_serial.o)
                0x0000000001e0a1f4                custom_port_in_kernel

.text.gpt4_get_current_tick
                0x0000000001e0a284       0x10
 .text.gpt4_get_current_tick
                0x0000000001e0a284       0x10 ../../../mediatek/platform/mt6577/uboot/libmt6577.a(mtk_timer.o)
                0x0000000001e0a284                gpt4_get_current_tick

.text.gpt4_tick2time_us
                0x0000000001e0a294       0x14
 .text.gpt4_tick2time_us
                0x0000000001e0a294       0x14 ../../../mediatek/platform/mt6577/uboot/libmt6577.a(mtk_timer.o)
                0x0000000001e0a294                gpt4_tick2time_us

.text.gpt_busy_wait_us
                0x0000000001e0a2a8       0x48
 .text.gpt_busy_wait_us
                0x0000000001e0a2a8       0x48 ../../../mediatek/platform/mt6577/uboot/libmt6577.a(mtk_timer.o)
                0x0000000001e0a2a8                gpt_busy_wait_us

.text.reset_timer_masked
                0x0000000001e0a2f0       0x3c
 .text.reset_timer_masked
                0x0000000001e0a2f0       0x3c ../../../mediatek/platform/mt6577/uboot/libmt6577.a(mtk_timer.o)
                0x0000000001e0a2f0                reset_timer_masked

.text.get_timer_masked
                0x0000000001e0a32c       0x88
 .text.get_timer_masked
                0x0000000001e0a32c       0x88 ../../../mediatek/platform/mt6577/uboot/libmt6577.a(mtk_timer.o)
                0x0000000001e0a32c                get_timer_masked

.text.get_timer
                0x0000000001e0a3b4       0x20
 .text.get_timer
                0x0000000001e0a3b4       0x20 ../../../mediatek/platform/mt6577/uboot/libmt6577.a(mtk_timer.o)
                0x0000000001e0a3b4                get_timer

.text.mdelay    0x0000000001e0a3d4       0x28
 .text.mdelay   0x0000000001e0a3d4       0x28 ../../../mediatek/platform/mt6577/uboot/libmt6577.a(mtk_timer.o)
                0x0000000001e0a3d4                mdelay

.text.udelay    0x0000000001e0a3fc       0x58
 .text.udelay   0x0000000001e0a3fc       0x58 ../../../mediatek/platform/mt6577/uboot/libmt6577.a(mtk_timer.o)
                0x0000000001e0a3fc                udelay

.text.get_ticks
                0x0000000001e0a454       0x14
 .text.get_ticks
                0x0000000001e0a454       0x14 ../../../mediatek/platform/mt6577/uboot/libmt6577.a(mtk_timer.o)
                0x0000000001e0a454                get_ticks

.text.gpt_one_shot_irq
                0x0000000001e0a468       0x44
 .text.gpt_one_shot_irq
                0x0000000001e0a468       0x44 ../../../mediatek/platform/mt6577/uboot/libmt6577.a(mtk_timer.o)
                0x0000000001e0a468                gpt_one_shot_irq

.text.gpt_irq_init
                0x0000000001e0a4ac       0x3c
 .text.gpt_irq_init
                0x0000000001e0a4ac       0x3c ../../../mediatek/platform/mt6577/uboot/libmt6577.a(mtk_timer.o)
                0x0000000001e0a4ac                gpt_irq_init

.text.gpt_irq_ack
                0x0000000001e0a4e8       0x14
 .text.gpt_irq_ack
                0x0000000001e0a4e8       0x14 ../../../mediatek/platform/mt6577/uboot/libmt6577.a(mtk_timer.o)
                0x0000000001e0a4e8                gpt_irq_ack

.text.meta_detection
                0x0000000001e0a4fc       0xb8
 .text.meta_detection
                0x0000000001e0a4fc       0xb8 ../../../mediatek/platform/mt6577/uboot/libmt6577.a(mt6577_meta.o)
                0x0000000001e0a4fc                meta_detection

.text.recovery_check_key_trigger
                0x0000000001e0a5b4       0xbc
 .text.recovery_check_key_trigger
                0x0000000001e0a5b4       0xbc ../../../mediatek/platform/mt6577/uboot/libmt6577.a(mt6577_recovery.o)
                0x0000000001e0a5b4                recovery_check_key_trigger

.text.recovery_check_command_trigger
                0x0000000001e0a670       0x70
 .text.recovery_check_command_trigger
                0x0000000001e0a670       0x70 ../../../mediatek/platform/mt6577/uboot/libmt6577.a(mt6577_recovery.o)
                0x0000000001e0a670                recovery_check_command_trigger

.text.recovery_detection
                0x0000000001e0a6e0       0x70
 .text.recovery_detection
                0x0000000001e0a6e0       0x70 ../../../mediatek/platform/mt6577/uboot/libmt6577.a(mt6577_recovery.o)
                0x0000000001e0a6e0                recovery_detection

.text.factory_check_key_trigger
                0x0000000001e0a750       0xd4
 .text.factory_check_key_trigger
                0x0000000001e0a750       0xd4 ../../../mediatek/platform/mt6577/uboot/libmt6577.a(mt6577_factory.o)
                0x0000000001e0a750                factory_check_key_trigger

.text.factory_detection
                0x0000000001e0a824       0x70
 .text.factory_detection
                0x0000000001e0a824       0x70 ../../../mediatek/platform/mt6577/uboot/libmt6577.a(mt6577_factory.o)
                0x0000000001e0a824                factory_detection

.text.mtk_wdt_mode_config.constprop.0
                0x0000000001e0a894       0x40
 .text.mtk_wdt_mode_config.constprop.0
                0x0000000001e0a894       0x40 ../../../mediatek/platform/mt6577/uboot/libmt6577.a(mtk_wdt.o)

.text.mtk_wdt_set_time_out_value
                0x0000000001e0a8d4       0x28
 .text.mtk_wdt_set_time_out_value
                0x0000000001e0a8d4       0x28 ../../../mediatek/platform/mt6577/uboot/libmt6577.a(mtk_wdt.o)
                0x0000000001e0a8d4                mtk_wdt_set_time_out_value

.text.mtk_wdt_restart
                0x0000000001e0a8fc       0x10
 .text.mtk_wdt_restart
                0x0000000001e0a8fc       0x10 ../../../mediatek/platform/mt6577/uboot/libmt6577.a(mtk_wdt.o)
                0x0000000001e0a8fc                mtk_wdt_restart

.text.mtk_wdt_init
                0x0000000001e0a90c       0x6c
 .text.mtk_wdt_init
                0x0000000001e0a90c       0x6c ../../../mediatek/platform/mt6577/uboot/libmt6577.a(mtk_wdt.o)
                0x0000000001e0a90c                mtk_wdt_init

.text.mtk_wdt_boot_check
                0x0000000001e0a978       0x64
 .text.mtk_wdt_boot_check
                0x0000000001e0a978       0x64 ../../../mediatek/platform/mt6577/uboot/libmt6577.a(mtk_wdt.o)
                0x0000000001e0a978                mtk_wdt_boot_check

.text.mtk_arch_reset
                0x0000000001e0a9dc       0x50
 .text.mtk_arch_reset
                0x0000000001e0a9dc       0x50 ../../../mediatek/platform/mt6577/uboot/libmt6577.a(mtk_wdt.o)
                0x0000000001e0a9dc                mtk_arch_reset

.text.mt_set_gpio_dir
                0x0000000001e0aa2c       0x74
 .text.mt_set_gpio_dir
                0x0000000001e0aa2c       0x74 ../../../mediatek/platform/mt6577/uboot/libmt6577.a(mt6577_gpio.o)
                0x0000000001e0aa2c                mt_set_gpio_dir

.text.mt_set_gpio_pull_enable
                0x0000000001e0aaa0       0x74
 .text.mt_set_gpio_pull_enable
                0x0000000001e0aaa0       0x74 ../../../mediatek/platform/mt6577/uboot/libmt6577.a(mt6577_gpio.o)
                0x0000000001e0aaa0                mt_set_gpio_pull_enable

.text.mt_set_gpio_out
                0x0000000001e0ab14       0x78
 .text.mt_set_gpio_out
                0x0000000001e0ab14       0x78 ../../../mediatek/platform/mt6577/uboot/libmt6577.a(mt6577_gpio.o)
                0x0000000001e0ab14                mt_set_gpio_out

.text.mt_set_gpio_mode
                0x0000000001e0ab8c       0x70
 .text.mt_set_gpio_mode
                0x0000000001e0ab8c       0x70 ../../../mediatek/platform/mt6577/uboot/libmt6577.a(mt6577_gpio.o)
                0x0000000001e0ab8c                mt_set_gpio_mode

.text.mt_gpio_set_default
                0x0000000001e0abfc      0x13c
 .text.mt_gpio_set_default
                0x0000000001e0abfc      0x13c ../../../mediatek/platform/mt6577/uboot/libmt6577.a(mt6577_gpio_init.o)
                0x0000000001e0abfc                mt_gpio_set_default

.text.mt_power_on
                0x0000000001e0ad38       0xc0
 .text.mt_power_on
                0x0000000001e0ad38       0xc0 ../../../mediatek/platform/mt6577/uboot/libmt6577.a(mt6577_pwm.o)
                0x0000000001e0ad38                mt_power_on

.text.mt_power_off
                0x0000000001e0adf8       0xb4
 .text.mt_power_off
                0x0000000001e0adf8       0xb4 ../../../mediatek/platform/mt6577/uboot/libmt6577.a(mt6577_pwm.o)
                0x0000000001e0adf8                mt_power_off

.text.mt_set_pwm_enable
                0x0000000001e0aeac       0x28
 .text.mt_set_pwm_enable
                0x0000000001e0aeac       0x28 ../../../mediatek/platform/mt6577/uboot/libmt6577.a(mt6577_pwm.o)
                0x0000000001e0aeac                mt_set_pwm_enable

.text.mt_set_pwm_disable
                0x0000000001e0aed4       0x3c
 .text.mt_set_pwm_disable
                0x0000000001e0aed4       0x3c ../../../mediatek/platform/mt6577/uboot/libmt6577.a(mt6577_pwm.o)
                0x0000000001e0aed4                mt_set_pwm_disable

.text.mt_set_pwm_enable_seqmode
                0x0000000001e0af10       0x18
 .text.mt_set_pwm_enable_seqmode
                0x0000000001e0af10       0x18 ../../../mediatek/platform/mt6577/uboot/libmt6577.a(mt6577_pwm.o)
                0x0000000001e0af10                mt_set_pwm_enable_seqmode

.text.mt_set_pwm_clk
                0x0000000001e0af28       0x6c
 .text.mt_set_pwm_clk
                0x0000000001e0af28       0x6c ../../../mediatek/platform/mt6577/uboot/libmt6577.a(mt6577_pwm.o)
                0x0000000001e0af28                mt_set_pwm_clk

.text.mt_set_pwm_con_datasrc
                0x0000000001e0af94       0x54
 .text.mt_set_pwm_con_datasrc
                0x0000000001e0af94       0x54 ../../../mediatek/platform/mt6577/uboot/libmt6577.a(mt6577_pwm.o)
                0x0000000001e0af94                mt_set_pwm_con_datasrc

.text.mt_set_pwm_con_mode
                0x0000000001e0afe8       0x54
 .text.mt_set_pwm_con_mode
                0x0000000001e0afe8       0x54 ../../../mediatek/platform/mt6577/uboot/libmt6577.a(mt6577_pwm.o)
                0x0000000001e0afe8                mt_set_pwm_con_mode

.text.mt_set_pwm_con_idleval
                0x0000000001e0b03c       0x58
 .text.mt_set_pwm_con_idleval
                0x0000000001e0b03c       0x58 ../../../mediatek/platform/mt6577/uboot/libmt6577.a(mt6577_pwm.o)
                0x0000000001e0b03c                mt_set_pwm_con_idleval

.text.mt_set_pwm_con_guardval
                0x0000000001e0b094       0x58
 .text.mt_set_pwm_con_guardval
                0x0000000001e0b094       0x58 ../../../mediatek/platform/mt6577/uboot/libmt6577.a(mt6577_pwm.o)
                0x0000000001e0b094                mt_set_pwm_con_guardval

.text.mt_set_pwm_con_stpbit
                0x0000000001e0b0ec       0x88
 .text.mt_set_pwm_con_stpbit
                0x0000000001e0b0ec       0x88 ../../../mediatek/platform/mt6577/uboot/libmt6577.a(mt6577_pwm.o)
                0x0000000001e0b0ec                mt_set_pwm_con_stpbit

.text.mt_set_pwm_con_oldmode
                0x0000000001e0b174       0x54
 .text.mt_set_pwm_con_oldmode
                0x0000000001e0b174       0x54 ../../../mediatek/platform/mt6577/uboot/libmt6577.a(mt6577_pwm.o)
                0x0000000001e0b174                mt_set_pwm_con_oldmode

.text.mt_set_pwm_HiDur
                0x0000000001e0b1c8       0x30
 .text.mt_set_pwm_HiDur
                0x0000000001e0b1c8       0x30 ../../../mediatek/platform/mt6577/uboot/libmt6577.a(mt6577_pwm.o)
                0x0000000001e0b1c8                mt_set_pwm_HiDur

.text.mt_set_pwm_LowDur
                0x0000000001e0b1f8       0x30
 .text.mt_set_pwm_LowDur
                0x0000000001e0b1f8       0x30 ../../../mediatek/platform/mt6577/uboot/libmt6577.a(mt6577_pwm.o)
                0x0000000001e0b1f8                mt_set_pwm_LowDur

.text.mt_set_pwm_GuardDur
                0x0000000001e0b228       0x30
 .text.mt_set_pwm_GuardDur
                0x0000000001e0b228       0x30 ../../../mediatek/platform/mt6577/uboot/libmt6577.a(mt6577_pwm.o)
                0x0000000001e0b228                mt_set_pwm_GuardDur

.text.mt_set_pwm_buf0_addr
                0x0000000001e0b258       0x2c
 .text.mt_set_pwm_buf0_addr
                0x0000000001e0b258       0x2c ../../../mediatek/platform/mt6577/uboot/libmt6577.a(mt6577_pwm.o)
                0x0000000001e0b258                mt_set_pwm_buf0_addr

.text.mt_set_pwm_buf0_size
                0x0000000001e0b284       0x30
 .text.mt_set_pwm_buf0_size
                0x0000000001e0b284       0x30 ../../../mediatek/platform/mt6577/uboot/libmt6577.a(mt6577_pwm.o)
                0x0000000001e0b284                mt_set_pwm_buf0_size

.text.mt_set_pwm_buf1_addr
                0x0000000001e0b2b4       0x2c
 .text.mt_set_pwm_buf1_addr
                0x0000000001e0b2b4       0x2c ../../../mediatek/platform/mt6577/uboot/libmt6577.a(mt6577_pwm.o)
                0x0000000001e0b2b4                mt_set_pwm_buf1_addr

.text.mt_set_pwm_buf1_size
                0x0000000001e0b2e0       0x30
 .text.mt_set_pwm_buf1_size
                0x0000000001e0b2e0       0x30 ../../../mediatek/platform/mt6577/uboot/libmt6577.a(mt6577_pwm.o)
                0x0000000001e0b2e0                mt_set_pwm_buf1_size

.text.mt_set_pwm_send_data0
                0x0000000001e0b310       0x2c
 .text.mt_set_pwm_send_data0
                0x0000000001e0b310       0x2c ../../../mediatek/platform/mt6577/uboot/libmt6577.a(mt6577_pwm.o)
                0x0000000001e0b310                mt_set_pwm_send_data0

.text.mt_set_pwm_send_data1
                0x0000000001e0b33c       0x2c
 .text.mt_set_pwm_send_data1
                0x0000000001e0b33c       0x2c ../../../mediatek/platform/mt6577/uboot/libmt6577.a(mt6577_pwm.o)
                0x0000000001e0b33c                mt_set_pwm_send_data1

.text.mt_set_pwm_wave_num
                0x0000000001e0b368       0x30
 .text.mt_set_pwm_wave_num
                0x0000000001e0b368       0x30 ../../../mediatek/platform/mt6577/uboot/libmt6577.a(mt6577_pwm.o)
                0x0000000001e0b368                mt_set_pwm_wave_num

.text.mt_set_pwm_data_width
                0x0000000001e0b398       0x30
 .text.mt_set_pwm_data_width
                0x0000000001e0b398       0x30 ../../../mediatek/platform/mt6577/uboot/libmt6577.a(mt6577_pwm.o)
                0x0000000001e0b398                mt_set_pwm_data_width

.text.mt_set_pwm_thresh
                0x0000000001e0b3c8       0x30
 .text.mt_set_pwm_thresh
                0x0000000001e0b3c8       0x30 ../../../mediatek/platform/mt6577/uboot/libmt6577.a(mt6577_pwm.o)
                0x0000000001e0b3c8                mt_set_pwm_thresh

.text.mt_set_pwm_valid
                0x0000000001e0b3f8       0x54
 .text.mt_set_pwm_valid
                0x0000000001e0b3f8       0x54 ../../../mediatek/platform/mt6577/uboot/libmt6577.a(mt6577_pwm.o)
                0x0000000001e0b3f8                mt_set_pwm_valid

.text.mt_set_pwm_delay_duration
                0x0000000001e0b44c       0x20
 .text.mt_set_pwm_delay_duration
                0x0000000001e0b44c       0x20 ../../../mediatek/platform/mt6577/uboot/libmt6577.a(mt6577_pwm.o)
                0x0000000001e0b44c                mt_set_pwm_delay_duration

.text.mt_set_pwm_delay_clock
                0x0000000001e0b46c       0x18
 .text.mt_set_pwm_delay_clock
                0x0000000001e0b46c       0x18 ../../../mediatek/platform/mt6577/uboot/libmt6577.a(mt6577_pwm.o)
                0x0000000001e0b46c                mt_set_pwm_delay_clock

.text.pwm_set_easy_config
                0x0000000001e0b484      0x28c
 .text.pwm_set_easy_config
                0x0000000001e0b484      0x28c ../../../mediatek/platform/mt6577/uboot/libmt6577.a(mt6577_pwm.o)
                0x0000000001e0b484                pwm_set_easy_config

.text.pwm_set_spec_config
                0x0000000001e0b710      0x404
 .text.pwm_set_spec_config
                0x0000000001e0b710      0x404 ../../../mediatek/platform/mt6577/uboot/libmt6577.a(mt6577_pwm.o)
                0x0000000001e0b710                pwm_set_spec_config

.text.mt65xx_disp_get_vram_size
                0x0000000001e0bb14        0x4
 .text.mt65xx_disp_get_vram_size
                0x0000000001e0bb14        0x4 ../../../mediatek/platform/mt6577/uboot/libmt6577.a(mt65xx_disp_drv.o)
                0x0000000001e0bb14                mt65xx_disp_get_vram_size

.text.mt65xx_disp_init
                0x0000000001e0bb18      0x51c
 .text.mt65xx_disp_init
                0x0000000001e0bb18      0x51c ../../../mediatek/platform/mt6577/uboot/libmt6577.a(mt65xx_disp_drv.o)
                0x0000000001e0bb18                mt65xx_disp_init

.text.mt65xx_get_logo_db_addr
                0x0000000001e0c034       0x14
 .text.mt65xx_get_logo_db_addr
                0x0000000001e0c034       0x14 ../../../mediatek/platform/mt6577/uboot/libmt6577.a(mt65xx_disp_drv.o)
                0x0000000001e0c034                mt65xx_get_logo_db_addr

.text.mt65xx_get_fb_addr
                0x0000000001e0c048       0x14
 .text.mt65xx_get_fb_addr
                0x0000000001e0c048       0x14 ../../../mediatek/platform/mt6577/uboot/libmt6577.a(mt65xx_disp_drv.o)
                0x0000000001e0c048                mt65xx_get_fb_addr

.text.mt65xx_get_fb_size
                0x0000000001e0c05c       0x10
 .text.mt65xx_get_fb_size
                0x0000000001e0c05c       0x10 ../../../mediatek/platform/mt6577/uboot/libmt6577.a(mt65xx_disp_drv.o)
                0x0000000001e0c05c                mt65xx_get_fb_size

.text.mt65xx_disp_update
                0x0000000001e0c06c       0x44
 .text.mt65xx_disp_update
                0x0000000001e0c06c       0x44 ../../../mediatek/platform/mt6577/uboot/libmt6577.a(mt65xx_disp_drv.o)
                0x0000000001e0c06c                mt65xx_disp_update

.text.mt65xx_disp_power
                0x0000000001e0c0b0       0x58
 .text.mt65xx_disp_power
                0x0000000001e0c0b0       0x58 ../../../mediatek/platform/mt6577/uboot/libmt6577.a(mt65xx_disp_drv.o)
                0x0000000001e0c0b0                mt65xx_disp_power

.text.mt65xx_disp_wait_idle
                0x0000000001e0c108       0x40
 .text.mt65xx_disp_wait_idle
                0x0000000001e0c108       0x40 ../../../mediatek/platform/mt6577/uboot/libmt6577.a(mt65xx_disp_drv.o)
                0x0000000001e0c108                mt65xx_disp_wait_idle

.text.mt65xx_disp_get_lcd_time
                0x0000000001e0c148      0x214
 .text.mt65xx_disp_get_lcd_time
                0x0000000001e0c148      0x214 ../../../mediatek/platform/mt6577/uboot/libmt6577.a(mt65xx_disp_drv.o)
                0x0000000001e0c148                mt65xx_disp_get_lcd_time

.text.mt65xx_disp_get_lcm_id
                0x0000000001e0c35c        0x4
 .text.mt65xx_disp_get_lcm_id
                0x0000000001e0c35c        0x4 ../../../mediatek/platform/mt6577/uboot/libmt6577.a(mt65xx_disp_drv.o)
                0x0000000001e0c35c                mt65xx_disp_get_lcm_id

.text.video_hw_init
                0x0000000001e0c360       0x74
 .text.video_hw_init
                0x0000000001e0c360       0x74 ../../../mediatek/platform/mt6577/uboot/libmt6577.a(mt65xx_disp_drv.o)
                0x0000000001e0c360                video_hw_init

.text.video_set_lut
                0x0000000001e0c3d4        0x4
 .text.video_set_lut
                0x0000000001e0c3d4        0x4 ../../../mediatek/platform/mt6577/uboot/libmt6577.a(mt65xx_disp_drv.o)
                0x0000000001e0c3d4                video_set_lut

.text.disp_dump_lcm_parameters
                0x0000000001e0c3d8       0x9c
 .text.disp_dump_lcm_parameters
                0x0000000001e0c3d8       0x9c ../../../mediatek/platform/mt6577/uboot/libmt6577.a(disp_drv.o)

.text.disp_drv_init_ctrl_if
                0x0000000001e0c474      0x2cc
 .text.disp_drv_init_ctrl_if
                0x0000000001e0c474      0x2cc ../../../mediatek/platform/mt6577/uboot/libmt6577.a(disp_drv.o)

.text.lcm_mdelay
                0x0000000001e0c740       0x10
 .text.lcm_mdelay
                0x0000000001e0c740        0x4 ../../../mediatek/platform/mt6577/uboot/libmt6577.a(disp_drv.o)
 .text.lcm_mdelay
                0x0000000001e0c744        0xc ../../../mediatek/platform/mt6577/uboot/libmt6577.a(dsi_drv.o)

.text.lcm_udelay
                0x0000000001e0c750        0x4
 .text.lcm_udelay
                0x0000000001e0c750        0x4 ../../../mediatek/platform/mt6577/uboot/libmt6577.a(disp_drv.o)

.text.lcm_set_reset_pin
                0x0000000001e0c754        0x8
 .text.lcm_set_reset_pin
                0x0000000001e0c754        0x8 ../../../mediatek/platform/mt6577/uboot/libmt6577.a(disp_drv.o)

.text.lcm_read_data
                0x0000000001e0c75c       0xc4
 .text.lcm_read_data
                0x0000000001e0c75c       0xc4 ../../../mediatek/platform/mt6577/uboot/libmt6577.a(disp_drv.o)

.text.lcm_send_data
                0x0000000001e0c820       0xb0
 .text.lcm_send_data
                0x0000000001e0c820       0xb0 ../../../mediatek/platform/mt6577/uboot/libmt6577.a(disp_drv.o)

.text.lcm_send_cmd
                0x0000000001e0c8d0       0xb0
 .text.lcm_send_cmd
                0x0000000001e0c8d0       0xb0 ../../../mediatek/platform/mt6577/uboot/libmt6577.a(disp_drv.o)

.text.disp_log_enable
                0x0000000001e0c980       0x34
 .text.disp_log_enable
                0x0000000001e0c980       0x34 ../../../mediatek/platform/mt6577/uboot/libmt6577.a(disp_drv.o)
                0x0000000001e0c980                disp_log_enable

.text.disp_drv_get_lcm_driver
                0x0000000001e0c9b4      0x2c8
 .text.disp_drv_get_lcm_driver
                0x0000000001e0c9b4      0x2c8 ../../../mediatek/platform/mt6577/uboot/libmt6577.a(disp_drv.o)
                0x0000000001e0c9b4                disp_drv_get_lcm_driver

.text.DISP_IsLcmFound
                0x0000000001e0cc7c       0x14
 .text.DISP_IsLcmFound
                0x0000000001e0cc7c       0x14 ../../../mediatek/platform/mt6577/uboot/libmt6577.a(disp_drv.o)
                0x0000000001e0cc7c                DISP_IsLcmFound

.text.DISP_DetectDevice
                0x0000000001e0cc90       0x84
 .text.DISP_DetectDevice
                0x0000000001e0cc90       0x84 ../../../mediatek/platform/mt6577/uboot/libmt6577.a(disp_drv.o)
                0x0000000001e0cc90                DISP_DetectDevice

.text.disp_drv_init_context
                0x0000000001e0cd14      0x110
 .text.disp_drv_init_context
                0x0000000001e0cd14      0x110 ../../../mediatek/platform/mt6577/uboot/libmt6577.a(disp_drv.o)

.text.DISP_PowerEnable
                0x0000000001e0ce24       0xc4
 .text.DISP_PowerEnable
                0x0000000001e0ce24       0xc4 ../../../mediatek/platform/mt6577/uboot/libmt6577.a(disp_drv.o)
                0x0000000001e0ce24                DISP_PowerEnable

.text.DISP_PanelEnable
                0x0000000001e0cee8      0x268
 .text.DISP_PanelEnable
                0x0000000001e0cee8      0x268 ../../../mediatek/platform/mt6577/uboot/libmt6577.a(disp_drv.o)
                0x0000000001e0cee8                DISP_PanelEnable

.text.DISP_SetBacklight
                0x0000000001e0d150       0xf8
 .text.DISP_SetBacklight
                0x0000000001e0d150       0xf8 ../../../mediatek/platform/mt6577/uboot/libmt6577.a(disp_drv.o)
                0x0000000001e0d150                DISP_SetBacklight

.text.DISP_UpdateScreen
                0x0000000001e0d248      0x208
 .text.DISP_UpdateScreen
                0x0000000001e0d248      0x208 ../../../mediatek/platform/mt6577/uboot/libmt6577.a(disp_drv.o)
                0x0000000001e0d248                DISP_UpdateScreen

.text.DISP_GetScreenWidth
                0x0000000001e0d450       0x3c
 .text.DISP_GetScreenWidth
                0x0000000001e0d450       0x3c ../../../mediatek/platform/mt6577/uboot/libmt6577.a(disp_drv.o)
                0x0000000001e0d450                DISP_GetScreenWidth

.text.DISP_GetScreenHeight
                0x0000000001e0d48c       0x3c
 .text.DISP_GetScreenHeight
                0x0000000001e0d48c       0x3c ../../../mediatek/platform/mt6577/uboot/libmt6577.a(disp_drv.o)
                0x0000000001e0d48c                DISP_GetScreenHeight

.text.DISP_GetScreenBpp
                0x0000000001e0d4c8       0x14
 .text.DISP_GetScreenBpp
                0x0000000001e0d4c8       0x14 ../../../mediatek/platform/mt6577/uboot/libmt6577.a(disp_drv.o)
                0x0000000001e0d4c8                DISP_GetScreenBpp

.text.DISP_GetPages
                0x0000000001e0d4dc       0x14
 .text.DISP_GetPages
                0x0000000001e0d4dc       0x14 ../../../mediatek/platform/mt6577/uboot/libmt6577.a(disp_drv.o)
                0x0000000001e0d4dc                DISP_GetPages

.text.DISP_GetFBRamSize
                0x0000000001e0d4f0       0x48
 .text.DISP_GetFBRamSize
                0x0000000001e0d4f0       0x48 ../../../mediatek/platform/mt6577/uboot/libmt6577.a(disp_drv.o)
                0x0000000001e0d4f0                DISP_GetFBRamSize

.text.DISP_Init
                0x0000000001e0d538      0x118
 .text.DISP_Init
                0x0000000001e0d538      0x118 ../../../mediatek/platform/mt6577/uboot/libmt6577.a(disp_drv.o)
                0x0000000001e0d538                DISP_Init

.text.DISP_GetVRamSize
                0x0000000001e0d650       0x8c
 .text.DISP_GetVRamSize
                0x0000000001e0d650       0x8c ../../../mediatek/platform/mt6577/uboot/libmt6577.a(disp_drv.o)
                0x0000000001e0d650                DISP_GetVRamSize

.text.DISP_GetLCMId
                0x0000000001e0d6dc       0x1c
 .text.DISP_GetLCMId
                0x0000000001e0d6dc       0x1c ../../../mediatek/platform/mt6577/uboot/libmt6577.a(disp_drv.o)
                0x0000000001e0d6dc                DISP_GetLCMId

.text.DAL_GetLayerSize
                0x0000000001e0d6f8       0x20
 .text.DAL_GetLayerSize
                0x0000000001e0d6f8       0x20 ../../../mediatek/platform/mt6577/uboot/libmt6577.a(disp_assert_layer.o)
                0x0000000001e0d6f8                DAL_GetLayerSize

.text.DAL_Init  0x0000000001e0d718        0x8
 .text.DAL_Init
                0x0000000001e0d718        0x8 ../../../mediatek/platform/mt6577/uboot/libmt6577.a(disp_assert_layer.o)
                0x0000000001e0d718                DAL_Init

.text.DAL_OnDispPowerOn
                0x0000000001e0d720        0x8
 .text.DAL_OnDispPowerOn
                0x0000000001e0d720        0x8 ../../../mediatek/platform/mt6577/uboot/libmt6577.a(disp_assert_layer.o)
                0x0000000001e0d720                DAL_OnDispPowerOn

.text.dbi_get_working_buffer_size
                0x0000000001e0d728        0x8
 .text.dbi_get_working_buffer_size
                0x0000000001e0d728        0x8 ../../../mediatek/platform/mt6577/uboot/libmt6577.a(disp_drv_dbi.o)

.text.dbi_get_working_buffer_bpp
                0x0000000001e0d730        0x8
 .text.dbi_get_working_buffer_bpp
                0x0000000001e0d730        0x8 ../../../mediatek/platform/mt6577/uboot/libmt6577.a(disp_drv_dbi.o)

.text.init_lcd_te_control
                0x0000000001e0d738      0x4b0
 .text.init_lcd_te_control
                0x0000000001e0d738      0x258 ../../../mediatek/platform/mt6577/uboot/libmt6577.a(disp_drv_dbi.o)
 .text.init_lcd_te_control
                0x0000000001e0d990      0x258 ../../../mediatek/platform/mt6577/uboot/libmt6577.a(disp_drv_dsi.o)

.text.disp_drv_dbi_init_context
                0x0000000001e0dbe8       0xb4
 .text.disp_drv_dbi_init_context
                0x0000000001e0dbe8       0xb4 ../../../mediatek/platform/mt6577/uboot/libmt6577.a(disp_drv_dbi.o)

.text.dbi_get_panel_color_format
                0x0000000001e0dc9c       0xa8
 .text.dbi_get_panel_color_format
                0x0000000001e0dc9c       0xa8 ../../../mediatek/platform/mt6577/uboot/libmt6577.a(disp_drv_dbi.o)

.text.dbi_get_dithering_bpp
                0x0000000001e0dd44       0x2c
 .text.dbi_get_dithering_bpp
                0x0000000001e0dd44       0x2c ../../../mediatek/platform/mt6577/uboot/libmt6577.a(disp_drv_dbi.o)

.text.dbi_update_screen
                0x0000000001e0dd70       0x44
 .text.dbi_update_screen
                0x0000000001e0dd70       0x44 ../../../mediatek/platform/mt6577/uboot/libmt6577.a(disp_drv_dbi.o)

.text.dbi_enable_power
                0x0000000001e0ddb4       0xd8
 .text.dbi_enable_power
                0x0000000001e0ddb4       0xd8 ../../../mediatek/platform/mt6577/uboot/libmt6577.a(disp_drv_dbi.o)

.text.dbi_init  0x0000000001e0de8c      0x374
 .text.dbi_init
                0x0000000001e0de8c      0x374 ../../../mediatek/platform/mt6577/uboot/libmt6577.a(disp_drv_dbi.o)

.text.dbi_capture_framebuffer
                0x0000000001e0e200       0x40
 .text.dbi_capture_framebuffer
                0x0000000001e0e200       0x40 ../../../mediatek/platform/mt6577/uboot/libmt6577.a(disp_drv_dbi.o)
                0x0000000001e0e200                dbi_capture_framebuffer

.text.DISP_GetDriverDBI
                0x0000000001e0e240       0x10
 .text.DISP_GetDriverDBI
                0x0000000001e0e240       0x10 ../../../mediatek/platform/mt6577/uboot/libmt6577.a(disp_drv_dbi.o)
                0x0000000001e0e240                DISP_GetDriverDBI

.text._BackupLCDRegisters
                0x0000000001e0e250      0x1dc
 .text._BackupLCDRegisters
                0x0000000001e0e250      0x1dc ../../../mediatek/platform/mt6577/uboot/libmt6577.a(lcd_drv.o)

.text._RestoreLCDRegisters
                0x0000000001e0e42c      0x1e4
 .text._RestoreLCDRegisters
                0x0000000001e0e42c      0x1e4 ../../../mediatek/platform/mt6577/uboot/libmt6577.a(lcd_drv.o)

.text.dbi_log_enable
                0x0000000001e0e610       0x34
 .text.dbi_log_enable
                0x0000000001e0e610       0x34 ../../../mediatek/platform/mt6577/uboot/libmt6577.a(lcd_drv.o)
                0x0000000001e0e610                dbi_log_enable

.text.LCD_Init_IO_pad
                0x0000000001e0e644       0xdc
 .text.LCD_Init_IO_pad
                0x0000000001e0e644       0xdc ../../../mediatek/platform/mt6577/uboot/libmt6577.a(lcd_drv.o)
                0x0000000001e0e644                LCD_Init_IO_pad

.text.LCD_Set_DrivingCurrent
                0x0000000001e0e720       0xa4
 .text.LCD_Set_DrivingCurrent
                0x0000000001e0e720       0xa4 ../../../mediatek/platform/mt6577/uboot/libmt6577.a(lcd_drv.o)
                0x0000000001e0e720                LCD_Set_DrivingCurrent

.text.LCD_PowerOn
                0x0000000001e0e7c4       0x8c
 .text.LCD_PowerOn
                0x0000000001e0e7c4       0x8c ../../../mediatek/platform/mt6577/uboot/libmt6577.a(lcd_drv.o)
                0x0000000001e0e7c4                LCD_PowerOn

.text.LCD_Init  0x0000000001e0e850       0xa4
 .text.LCD_Init
                0x0000000001e0e850       0xa4 ../../../mediatek/platform/mt6577/uboot/libmt6577.a(lcd_drv.o)
                0x0000000001e0e850                LCD_Init

.text.LCD_ConfigIfFormat
                0x0000000001e0e8f4       0x40
 .text.LCD_ConfigIfFormat
                0x0000000001e0e8f4       0x40 ../../../mediatek/platform/mt6577/uboot/libmt6577.a(lcd_drv.o)
                0x0000000001e0e8f4                LCD_ConfigIfFormat

.text.LCD_SetResetSignal
                0x0000000001e0e934       0x20
 .text.LCD_SetResetSignal
                0x0000000001e0e934       0x20 ../../../mediatek/platform/mt6577/uboot/libmt6577.a(lcd_drv.o)
                0x0000000001e0e934                LCD_SetResetSignal

.text.LCD_ConfigDSIIfFormat
                0x0000000001e0e954       0x3c
 .text.LCD_ConfigDSIIfFormat
                0x0000000001e0e954       0x3c ../../../mediatek/platform/mt6577/uboot/libmt6577.a(lcd_drv.o)
                0x0000000001e0e954                LCD_ConfigDSIIfFormat

.text.LCD_LayerEnable
                0x0000000001e0e990       0xfc
 .text.LCD_LayerEnable
                0x0000000001e0e990       0xfc ../../../mediatek/platform/mt6577/uboot/libmt6577.a(lcd_drv.o)
                0x0000000001e0e990                LCD_LayerEnable

.text.LCD_LayerSetAddress
                0x0000000001e0ea8c       0xc4
 .text.LCD_LayerSetAddress
                0x0000000001e0ea8c       0xc4 ../../../mediatek/platform/mt6577/uboot/libmt6577.a(lcd_drv.o)
                0x0000000001e0ea8c                LCD_LayerSetAddress

.text.LCD_LayerSetSize
                0x0000000001e0eb50       0x9c
 .text.LCD_LayerSetSize
                0x0000000001e0eb50       0x9c ../../../mediatek/platform/mt6577/uboot/libmt6577.a(lcd_drv.o)
                0x0000000001e0eb50                LCD_LayerSetSize

.text.LCD_LayerSetPitch
                0x0000000001e0ebec       0x94
 .text.LCD_LayerSetPitch
                0x0000000001e0ebec       0x94 ../../../mediatek/platform/mt6577/uboot/libmt6577.a(lcd_drv.o)
                0x0000000001e0ebec                LCD_LayerSetPitch

.text.LCD_LayerSetOffset
                0x0000000001e0ec80       0x9c
 .text.LCD_LayerSetOffset
                0x0000000001e0ec80       0x9c ../../../mediatek/platform/mt6577/uboot/libmt6577.a(lcd_drv.o)
                0x0000000001e0ec80                LCD_LayerSetOffset

.text.LCD_LayerSetFormat
                0x0000000001e0ed1c       0xbc
 .text.LCD_LayerSetFormat
                0x0000000001e0ed1c       0xbc ../../../mediatek/platform/mt6577/uboot/libmt6577.a(lcd_drv.o)
                0x0000000001e0ed1c                LCD_LayerSetFormat

.text.LCD_LayerSetRotation
                0x0000000001e0edd8       0xb0
 .text.LCD_LayerSetRotation
                0x0000000001e0edd8       0xb0 ../../../mediatek/platform/mt6577/uboot/libmt6577.a(lcd_drv.o)
                0x0000000001e0edd8                LCD_LayerSetRotation

.text.LCD_LayerSetSourceColorKey
                0x0000000001e0ee88       0xb0
 .text.LCD_LayerSetSourceColorKey
                0x0000000001e0ee88       0xb0 ../../../mediatek/platform/mt6577/uboot/libmt6577.a(lcd_drv.o)
                0x0000000001e0ee88                LCD_LayerSetSourceColorKey

.text.LCD_LayerSetTriggerMode
                0x0000000001e0ef38      0x104
 .text.LCD_LayerSetTriggerMode
                0x0000000001e0ef38      0x104 ../../../mediatek/platform/mt6577/uboot/libmt6577.a(lcd_drv.o)
                0x0000000001e0ef38                LCD_LayerSetTriggerMode

.text.LCD_EnableHwTrigger
                0x0000000001e0f03c       0x44
 .text.LCD_EnableHwTrigger
                0x0000000001e0f03c       0x44 ../../../mediatek/platform/mt6577/uboot/libmt6577.a(lcd_drv.o)
                0x0000000001e0f03c                LCD_EnableHwTrigger

.text.LCD_SetBackgroundColor
                0x0000000001e0f080       0x14
 .text.LCD_SetBackgroundColor
                0x0000000001e0f080       0x14 ../../../mediatek/platform/mt6577/uboot/libmt6577.a(lcd_drv.o)
                0x0000000001e0f080                LCD_SetBackgroundColor

.text.LCD_SetRoiWindow
                0x0000000001e0f094       0x40
 .text.LCD_SetRoiWindow
                0x0000000001e0f094       0x40 ../../../mediatek/platform/mt6577/uboot/libmt6577.a(lcd_drv.o)
                0x0000000001e0f094                LCD_SetRoiWindow

.text.LCD_EnableDCtoDsi
                0x0000000001e0f0d4       0x20
 .text.LCD_EnableDCtoDsi
                0x0000000001e0f0d4       0x20 ../../../mediatek/platform/mt6577/uboot/libmt6577.a(lcd_drv.o)
                0x0000000001e0f0d4                LCD_EnableDCtoDsi

.text.LCD_SetOutputAlpha
                0x0000000001e0f0f4       0x1c
 .text.LCD_SetOutputAlpha
                0x0000000001e0f0f4       0x1c ../../../mediatek/platform/mt6577/uboot/libmt6577.a(lcd_drv.o)
                0x0000000001e0f0f4                LCD_SetOutputAlpha

.text.LCD_WaitDPIIndication
                0x0000000001e0f110       0x28
 .text.LCD_WaitDPIIndication
                0x0000000001e0f110       0x28 ../../../mediatek/platform/mt6577/uboot/libmt6577.a(lcd_drv.o)
                0x0000000001e0f110                LCD_WaitDPIIndication

.text.LCD_FBSetFormat
                0x0000000001e0f138       0x2c
 .text.LCD_FBSetFormat
                0x0000000001e0f138       0x2c ../../../mediatek/platform/mt6577/uboot/libmt6577.a(lcd_drv.o)
                0x0000000001e0f138                LCD_FBSetFormat

.text.LCD_FBSetPitch
                0x0000000001e0f164       0x28
 .text.LCD_FBSetPitch
                0x0000000001e0f164       0x28 ../../../mediatek/platform/mt6577/uboot/libmt6577.a(lcd_drv.o)
                0x0000000001e0f164                LCD_FBSetPitch

.text.LCD_FBEnable
                0x0000000001e0f18c       0x88
 .text.LCD_FBEnable
                0x0000000001e0f18c       0x88 ../../../mediatek/platform/mt6577/uboot/libmt6577.a(lcd_drv.o)
                0x0000000001e0f18c                LCD_FBEnable

.text.LCD_FBSetAddress
                0x0000000001e0f214       0x54
 .text.LCD_FBSetAddress
                0x0000000001e0f214       0x54 ../../../mediatek/platform/mt6577/uboot/libmt6577.a(lcd_drv.o)
                0x0000000001e0f214                LCD_FBSetAddress

.text.LCD_FBSetStartCoord
                0x0000000001e0f268       0x20
 .text.LCD_FBSetStartCoord
                0x0000000001e0f268       0x20 ../../../mediatek/platform/mt6577/uboot/libmt6577.a(lcd_drv.o)
                0x0000000001e0f268                LCD_FBSetStartCoord

.text.LCD_TE_Enable
                0x0000000001e0f288       0x28
 .text.LCD_TE_Enable
                0x0000000001e0f288       0x28 ../../../mediatek/platform/mt6577/uboot/libmt6577.a(lcd_drv.o)
                0x0000000001e0f288                LCD_TE_Enable

.text.LCD_TE_SetMode
                0x0000000001e0f2b0       0x28
 .text.LCD_TE_SetMode
                0x0000000001e0f2b0       0x28 ../../../mediatek/platform/mt6577/uboot/libmt6577.a(lcd_drv.o)
                0x0000000001e0f2b0                LCD_TE_SetMode

.text.LCD_TE_SetEdgePolarity
                0x0000000001e0f2d8       0x28
 .text.LCD_TE_SetEdgePolarity
                0x0000000001e0f2d8       0x28 ../../../mediatek/platform/mt6577/uboot/libmt6577.a(lcd_drv.o)
                0x0000000001e0f2d8                LCD_TE_SetEdgePolarity

.text.LCD_TE_ConfigVHSyncMode
                0x0000000001e0f300        0x8
 .text.LCD_TE_ConfigVHSyncMode
                0x0000000001e0f300        0x8 ../../../mediatek/platform/mt6577/uboot/libmt6577.a(lcd_drv.o)
                0x0000000001e0f300                LCD_TE_ConfigVHSyncMode

.text.LCD_SelectWriteIF
                0x0000000001e0f308       0xb8
 .text.LCD_SelectWriteIF
                0x0000000001e0f308       0xb8 ../../../mediatek/platform/mt6577/uboot/libmt6577.a(lcd_drv.o)
                0x0000000001e0f308                LCD_SelectWriteIF

.text.LCD_WriteIF
                0x0000000001e0f3c0      0x104
 .text.LCD_WriteIF
                0x0000000001e0f3c0      0x104 ../../../mediatek/platform/mt6577/uboot/libmt6577.a(lcd_drv.o)
                0x0000000001e0f3c0                LCD_WriteIF

.text.LCD_ReadIF
                0x0000000001e0f4c4      0x110
 .text.LCD_ReadIF
                0x0000000001e0f4c4      0x110 ../../../mediatek/platform/mt6577/uboot/libmt6577.a(lcd_drv.o)
                0x0000000001e0f4c4                LCD_ReadIF

.text.LCD_IsLayerEnable
                0x0000000001e0f5d4       0x94
 .text.LCD_IsLayerEnable
                0x0000000001e0f5d4       0x94 ../../../mediatek/platform/mt6577/uboot/libmt6577.a(lcd_drv.o)
                0x0000000001e0f5d4                LCD_IsLayerEnable

.text.LCD_GetOutputMode
                0x0000000001e0f668       0x14
 .text.LCD_GetOutputMode
                0x0000000001e0f668       0x14 ../../../mediatek/platform/mt6577/uboot/libmt6577.a(lcd_drv.o)
                0x0000000001e0f668                LCD_GetOutputMode

.text.LCD_DumpRegisters
                0x0000000001e0f67c       0xa0
 .text.LCD_DumpRegisters
                0x0000000001e0f67c       0xa0 ../../../mediatek/platform/mt6577/uboot/libmt6577.a(lcd_drv.o)
                0x0000000001e0f67c                LCD_DumpRegisters

.text._WaitForEngineNotBusy
                0x0000000001e0f71c      0x170
 .text._WaitForEngineNotBusy
                0x0000000001e0f71c      0x114 ../../../mediatek/platform/mt6577/uboot/libmt6577.a(lcd_drv.o)
 .text._WaitForEngineNotBusy
                0x0000000001e0f830       0x5c ../../../mediatek/platform/mt6577/uboot/libmt6577.a(dsi_drv.o)

.text.LCD_SetOutputMode
                0x0000000001e0f88c       0x50
 .text.LCD_SetOutputMode
                0x0000000001e0f88c       0x50 ../../../mediatek/platform/mt6577/uboot/libmt6577.a(lcd_drv.o)
                0x0000000001e0f88c                LCD_SetOutputMode

.text.LCD_ConfigSerialIF
                0x0000000001e0f8dc      0x174
 .text.LCD_ConfigSerialIF
                0x0000000001e0f8dc      0x174 ../../../mediatek/platform/mt6577/uboot/libmt6577.a(lcd_drv.o)
                0x0000000001e0f8dc                LCD_ConfigSerialIF

.text.LCD_ConfigParallelIF
                0x0000000001e0fa50      0x284
 .text.LCD_ConfigParallelIF
                0x0000000001e0fa50      0x284 ../../../mediatek/platform/mt6577/uboot/libmt6577.a(lcd_drv.o)
                0x0000000001e0fa50                LCD_ConfigParallelIF

.text.LCD_WaitForNotBusy
                0x0000000001e0fcd4       0x10
 .text.LCD_WaitForNotBusy
                0x0000000001e0fcd4       0x10 ../../../mediatek/platform/mt6577/uboot/libmt6577.a(lcd_drv.o)
                0x0000000001e0fcd4                LCD_WaitForNotBusy

.text.LCD_PowerOff
                0x0000000001e0fce4       0x90
 .text.LCD_PowerOff
                0x0000000001e0fce4       0x90 ../../../mediatek/platform/mt6577/uboot/libmt6577.a(lcd_drv.o)
                0x0000000001e0fce4                LCD_PowerOff

.text.LCD_W2M_NeedLimiteSpeed
                0x0000000001e0fd74       0x18
 .text.LCD_W2M_NeedLimiteSpeed
                0x0000000001e0fd74       0x18 ../../../mediatek/platform/mt6577/uboot/libmt6577.a(lcd_drv.o)
                0x0000000001e0fd74                LCD_W2M_NeedLimiteSpeed

.text.LCD_SetGMCThrottle
                0x0000000001e0fd8c       0xb8
 .text.LCD_SetGMCThrottle
                0x0000000001e0fd8c       0xb8 ../../../mediatek/platform/mt6577/uboot/libmt6577.a(lcd_drv.o)
                0x0000000001e0fd8c                LCD_SetGMCThrottle

.text.LCD_StartTransfer
                0x0000000001e0fe44      0x118
 .text.LCD_StartTransfer
                0x0000000001e0fe44      0x118 ../../../mediatek/platform/mt6577/uboot/libmt6577.a(lcd_drv.o)
                0x0000000001e0fe44                LCD_StartTransfer

.text.LCD_Capture_Framebuffer
                0x0000000001e0ff5c      0x434
 .text.LCD_Capture_Framebuffer
                0x0000000001e0ff5c      0x434 ../../../mediatek/platform/mt6577/uboot/libmt6577.a(lcd_drv.o)
                0x0000000001e0ff5c                LCD_Capture_Framebuffer

.text.dsi_esd_check
                0x0000000001e10390        0x8
 .text.dsi_esd_check
                0x0000000001e10390        0x8 ../../../mediatek/platform/mt6577/uboot/libmt6577.a(disp_drv_dsi.o)
                0x0000000001e10390                dsi_esd_check

.text.dsi_capture_framebuffer
                0x0000000001e10398      0x198
 .text.dsi_capture_framebuffer
                0x0000000001e10398      0x198 ../../../mediatek/platform/mt6577/uboot/libmt6577.a(disp_drv_dsi.o)
                0x0000000001e10398                dsi_capture_framebuffer

.text.dsi_esd_reset